<?xml version="1.0"?>
<link_info>
   <banner>MSP430 Linker Unix v17.9.0.STS</banner>
   <copyright>Copyright (c) 2003-2017 Texas Instruments Incorporated</copyright>
   <link_time>0x5a057469</link_time>
   <link_errors>0x0</link_errors>
   <output_file>msp430-thyroid.out</output_file>
   <entry_point>
      <name>_c_int00_noargs_mpu</name>
      <address>0xac00</address>
   </entry_point>
   <input_file_list>
      <input_file id="fl-2">
         <path>./</path>
         <kind>object</kind>
         <file>libtester.obj</file>
         <name>libtester.obj</name>
      </input_file>
      <input_file id="fl-3">
         <path>./</path>
         <kind>object</kind>
         <file>main.obj</file>
         <name>main.obj</name>
      </input_file>
      <input_file id="fl-4">
         <path>./fann/src/</path>
         <kind>object</kind>
         <file>fann.obj</file>
         <name>fann.obj</name>
      </input_file>
      <input_file id="fl-5">
         <path>./fann/src/</path>
         <kind>object</kind>
         <file>fann_cascade.obj</file>
         <name>fann_cascade.obj</name>
      </input_file>
      <input_file id="fl-6">
         <path>./fann/src/</path>
         <kind>object</kind>
         <file>fann_error.obj</file>
         <name>fann_error.obj</name>
      </input_file>
      <input_file id="fl-7">
         <path>./fann/src/</path>
         <kind>object</kind>
         <file>fann_io.obj</file>
         <name>fann_io.obj</name>
      </input_file>
      <input_file id="fl-8">
         <path>./fann/src/</path>
         <kind>object</kind>
         <file>fann_train.obj</file>
         <name>fann_train.obj</name>
      </input_file>
      <input_file id="fl-9">
         <path>./fann/src/</path>
         <kind>object</kind>
         <file>fann_train_data.obj</file>
         <name>fann_train_data.obj</name>
      </input_file>
      <input_file id="fl-14">
         <kind>object</kind>
         <file>&lt;internal&gt;</file>
         <name>&lt;internal&gt;</name>
      </input_file>
      <input_file id="fl-34">
         <path>/Applications/ti/ccsv7/tools/compiler/ti-cgt-msp430_17.9.0.STS/lib/</path>
         <kind>archive</kind>
         <file>rts430x_lc_rd_eabi.lib</file>
         <name>copy_decompress_lzss.obj</name>
      </input_file>
      <input_file id="fl-35">
         <path>/Applications/ti/ccsv7/tools/compiler/ti-cgt-msp430_17.9.0.STS/lib/</path>
         <kind>archive</kind>
         <file>rts430x_lc_rd_eabi.lib</file>
         <name>copy_decompress_none.obj</name>
      </input_file>
      <input_file id="fl-36">
         <path>/Applications/ti/ccsv7/tools/compiler/ti-cgt-msp430_17.9.0.STS/lib/</path>
         <kind>archive</kind>
         <file>rts430x_lc_rd_eabi.lib</file>
         <name>int18.obj</name>
      </input_file>
      <input_file id="fl-37">
         <path>/Applications/ti/ccsv7/tools/compiler/ti-cgt-msp430_17.9.0.STS/lib/</path>
         <kind>archive</kind>
         <file>rts430x_lc_rd_eabi.lib</file>
         <name>isr_trap.obj</name>
      </input_file>
      <input_file id="fl-38">
         <path>/Applications/ti/ccsv7/tools/compiler/ti-cgt-msp430_17.9.0.STS/lib/</path>
         <kind>archive</kind>
         <file>rts430x_lc_rd_eabi.lib</file>
         <name>int19.obj</name>
      </input_file>
      <input_file id="fl-39">
         <path>/Applications/ti/ccsv7/tools/compiler/ti-cgt-msp430_17.9.0.STS/lib/</path>
         <kind>archive</kind>
         <file>rts430x_lc_rd_eabi.lib</file>
         <name>int20.obj</name>
      </input_file>
      <input_file id="fl-3a">
         <path>/Applications/ti/ccsv7/tools/compiler/ti-cgt-msp430_17.9.0.STS/lib/</path>
         <kind>archive</kind>
         <file>rts430x_lc_rd_eabi.lib</file>
         <name>int21.obj</name>
      </input_file>
      <input_file id="fl-3b">
         <path>/Applications/ti/ccsv7/tools/compiler/ti-cgt-msp430_17.9.0.STS/lib/</path>
         <kind>archive</kind>
         <file>rts430x_lc_rd_eabi.lib</file>
         <name>int22.obj</name>
      </input_file>
      <input_file id="fl-3c">
         <path>/Applications/ti/ccsv7/tools/compiler/ti-cgt-msp430_17.9.0.STS/lib/</path>
         <kind>archive</kind>
         <file>rts430x_lc_rd_eabi.lib</file>
         <name>int23.obj</name>
      </input_file>
      <input_file id="fl-3d">
         <path>/Applications/ti/ccsv7/tools/compiler/ti-cgt-msp430_17.9.0.STS/lib/</path>
         <kind>archive</kind>
         <file>rts430x_lc_rd_eabi.lib</file>
         <name>int24.obj</name>
      </input_file>
      <input_file id="fl-3e">
         <path>/Applications/ti/ccsv7/tools/compiler/ti-cgt-msp430_17.9.0.STS/lib/</path>
         <kind>archive</kind>
         <file>rts430x_lc_rd_eabi.lib</file>
         <name>int25.obj</name>
      </input_file>
      <input_file id="fl-3f">
         <path>/Applications/ti/ccsv7/tools/compiler/ti-cgt-msp430_17.9.0.STS/lib/</path>
         <kind>archive</kind>
         <file>rts430x_lc_rd_eabi.lib</file>
         <name>int26.obj</name>
      </input_file>
      <input_file id="fl-40">
         <path>/Applications/ti/ccsv7/tools/compiler/ti-cgt-msp430_17.9.0.STS/lib/</path>
         <kind>archive</kind>
         <file>rts430x_lc_rd_eabi.lib</file>
         <name>int27.obj</name>
      </input_file>
      <input_file id="fl-41">
         <path>/Applications/ti/ccsv7/tools/compiler/ti-cgt-msp430_17.9.0.STS/lib/</path>
         <kind>archive</kind>
         <file>rts430x_lc_rd_eabi.lib</file>
         <name>int28.obj</name>
      </input_file>
      <input_file id="fl-42">
         <path>/Applications/ti/ccsv7/tools/compiler/ti-cgt-msp430_17.9.0.STS/lib/</path>
         <kind>archive</kind>
         <file>rts430x_lc_rd_eabi.lib</file>
         <name>int29.obj</name>
      </input_file>
      <input_file id="fl-43">
         <path>/Applications/ti/ccsv7/tools/compiler/ti-cgt-msp430_17.9.0.STS/lib/</path>
         <kind>archive</kind>
         <file>rts430x_lc_rd_eabi.lib</file>
         <name>int30.obj</name>
      </input_file>
      <input_file id="fl-44">
         <path>/Applications/ti/ccsv7/tools/compiler/ti-cgt-msp430_17.9.0.STS/lib/</path>
         <kind>archive</kind>
         <file>rts430x_lc_rd_eabi.lib</file>
         <name>int31.obj</name>
      </input_file>
      <input_file id="fl-45">
         <path>/Applications/ti/ccsv7/tools/compiler/ti-cgt-msp430_17.9.0.STS/lib/</path>
         <kind>archive</kind>
         <file>rts430x_lc_rd_eabi.lib</file>
         <name>int32.obj</name>
      </input_file>
      <input_file id="fl-46">
         <path>/Applications/ti/ccsv7/tools/compiler/ti-cgt-msp430_17.9.0.STS/lib/</path>
         <kind>archive</kind>
         <file>rts430x_lc_rd_eabi.lib</file>
         <name>int33.obj</name>
      </input_file>
      <input_file id="fl-47">
         <path>/Applications/ti/ccsv7/tools/compiler/ti-cgt-msp430_17.9.0.STS/lib/</path>
         <kind>archive</kind>
         <file>rts430x_lc_rd_eabi.lib</file>
         <name>int34.obj</name>
      </input_file>
      <input_file id="fl-48">
         <path>/Applications/ti/ccsv7/tools/compiler/ti-cgt-msp430_17.9.0.STS/lib/</path>
         <kind>archive</kind>
         <file>rts430x_lc_rd_eabi.lib</file>
         <name>int35.obj</name>
      </input_file>
      <input_file id="fl-49">
         <path>/Applications/ti/ccsv7/tools/compiler/ti-cgt-msp430_17.9.0.STS/lib/</path>
         <kind>archive</kind>
         <file>rts430x_lc_rd_eabi.lib</file>
         <name>int36.obj</name>
      </input_file>
      <input_file id="fl-4a">
         <path>/Applications/ti/ccsv7/tools/compiler/ti-cgt-msp430_17.9.0.STS/lib/</path>
         <kind>archive</kind>
         <file>rts430x_lc_rd_eabi.lib</file>
         <name>int37.obj</name>
      </input_file>
      <input_file id="fl-4b">
         <path>/Applications/ti/ccsv7/tools/compiler/ti-cgt-msp430_17.9.0.STS/lib/</path>
         <kind>archive</kind>
         <file>rts430x_lc_rd_eabi.lib</file>
         <name>int38.obj</name>
      </input_file>
      <input_file id="fl-4c">
         <path>/Applications/ti/ccsv7/tools/compiler/ti-cgt-msp430_17.9.0.STS/lib/</path>
         <kind>archive</kind>
         <file>rts430x_lc_rd_eabi.lib</file>
         <name>int39.obj</name>
      </input_file>
      <input_file id="fl-4d">
         <path>/Applications/ti/ccsv7/tools/compiler/ti-cgt-msp430_17.9.0.STS/lib/</path>
         <kind>archive</kind>
         <file>rts430x_lc_rd_eabi.lib</file>
         <name>int40.obj</name>
      </input_file>
      <input_file id="fl-4e">
         <path>/Applications/ti/ccsv7/tools/compiler/ti-cgt-msp430_17.9.0.STS/lib/</path>
         <kind>archive</kind>
         <file>rts430x_lc_rd_eabi.lib</file>
         <name>int41.obj</name>
      </input_file>
      <input_file id="fl-4f">
         <path>/Applications/ti/ccsv7/tools/compiler/ti-cgt-msp430_17.9.0.STS/lib/</path>
         <kind>archive</kind>
         <file>rts430x_lc_rd_eabi.lib</file>
         <name>int42.obj</name>
      </input_file>
      <input_file id="fl-50">
         <path>/Applications/ti/ccsv7/tools/compiler/ti-cgt-msp430_17.9.0.STS/lib/</path>
         <kind>archive</kind>
         <file>rts430x_lc_rd_eabi.lib</file>
         <name>int43.obj</name>
      </input_file>
      <input_file id="fl-51">
         <path>../utils/libs/</path>
         <kind>archive</kind>
         <file>libprofiler.lib</file>
         <name>main.obj</name>
      </input_file>
      <input_file id="fl-52">
         <path>/Applications/ti/ccsv7/tools/compiler/ti-cgt-msp430_17.9.0.STS/lib/</path>
         <kind>archive</kind>
         <file>rts430x_lc_rd_eabi.lib</file>
         <name>int46.obj</name>
      </input_file>
      <input_file id="fl-53">
         <path>/Applications/ti/ccsv7/tools/compiler/ti-cgt-msp430_17.9.0.STS/lib/</path>
         <kind>archive</kind>
         <file>rts430x_lc_rd_eabi.lib</file>
         <name>int47.obj</name>
      </input_file>
      <input_file id="fl-54">
         <path>/Applications/ti/ccsv7/tools/compiler/ti-cgt-msp430_17.9.0.STS/lib/</path>
         <kind>archive</kind>
         <file>rts430x_lc_rd_eabi.lib</file>
         <name>int48.obj</name>
      </input_file>
      <input_file id="fl-55">
         <path>/Applications/ti/ccsv7/tools/compiler/ti-cgt-msp430_17.9.0.STS/lib/</path>
         <kind>archive</kind>
         <file>rts430x_lc_rd_eabi.lib</file>
         <name>int49.obj</name>
      </input_file>
      <input_file id="fl-56">
         <path>/Applications/ti/ccsv7/tools/compiler/ti-cgt-msp430_17.9.0.STS/lib/</path>
         <kind>archive</kind>
         <file>rts430x_lc_rd_eabi.lib</file>
         <name>int50.obj</name>
      </input_file>
      <input_file id="fl-57">
         <path>/Applications/ti/ccsv7/tools/compiler/ti-cgt-msp430_17.9.0.STS/lib/</path>
         <kind>archive</kind>
         <file>rts430x_lc_rd_eabi.lib</file>
         <name>int51.obj</name>
      </input_file>
      <input_file id="fl-58">
         <path>/Applications/ti/ccsv7/tools/compiler/ti-cgt-msp430_17.9.0.STS/lib/</path>
         <kind>archive</kind>
         <file>rts430x_lc_rd_eabi.lib</file>
         <name>int52.obj</name>
      </input_file>
      <input_file id="fl-59">
         <path>/Applications/ti/ccsv7/tools/compiler/ti-cgt-msp430_17.9.0.STS/lib/</path>
         <kind>archive</kind>
         <file>rts430x_lc_rd_eabi.lib</file>
         <name>int53.obj</name>
      </input_file>
      <input_file id="fl-5a">
         <path>/Applications/ti/ccsv7/tools/compiler/ti-cgt-msp430_17.9.0.STS/lib/</path>
         <kind>archive</kind>
         <file>rts430x_lc_rd_eabi.lib</file>
         <name>int54.obj</name>
      </input_file>
      <input_file id="fl-5b">
         <path>/Applications/ti/ccsv7/tools/compiler/ti-cgt-msp430_17.9.0.STS/lib/</path>
         <kind>archive</kind>
         <file>rts430x_lc_rd_eabi.lib</file>
         <name>copy_zero_init.obj</name>
      </input_file>
      <input_file id="fl-5c">
         <path>/Applications/ti/ccsv7/tools/compiler/ti-cgt-msp430_17.9.0.STS/lib/</path>
         <kind>archive</kind>
         <file>rts430x_lc_rd_eabi.lib</file>
         <name>addd.obj</name>
      </input_file>
      <input_file id="fl-5d">
         <path>/Applications/ti/ccsv7/tools/compiler/ti-cgt-msp430_17.9.0.STS/lib/</path>
         <kind>archive</kind>
         <file>rts430x_lc_rd_eabi.lib</file>
         <name>frcaddd.obj</name>
      </input_file>
      <input_file id="fl-5e">
         <path>/Applications/ti/ccsv7/tools/compiler/ti-cgt-msp430_17.9.0.STS/lib/</path>
         <kind>archive</kind>
         <file>rts430x_lc_rd_eabi.lib</file>
         <name>renormd.obj</name>
      </input_file>
      <input_file id="fl-5f">
         <path>/Applications/ti/ccsv7/tools/compiler/ti-cgt-msp430_17.9.0.STS/lib/</path>
         <kind>archive</kind>
         <file>rts430x_lc_rd_eabi.lib</file>
         <name>fs_add.obj</name>
      </input_file>
      <input_file id="fl-60">
         <path>/Applications/ti/ccsv7/tools/compiler/ti-cgt-msp430_17.9.0.STS/lib/</path>
         <kind>archive</kind>
         <file>rts430x_lc_rd_eabi.lib</file>
         <name>cmpd.obj</name>
      </input_file>
      <input_file id="fl-61">
         <path>/Applications/ti/ccsv7/tools/compiler/ti-cgt-msp430_17.9.0.STS/lib/</path>
         <kind>archive</kind>
         <file>rts430x_lc_rd_eabi.lib</file>
         <name>fs_cmp.obj</name>
      </input_file>
      <input_file id="fl-62">
         <path>/Applications/ti/ccsv7/tools/compiler/ti-cgt-msp430_17.9.0.STS/lib/</path>
         <kind>archive</kind>
         <file>rts430x_lc_rd_eabi.lib</file>
         <name>cvtdf.obj</name>
      </input_file>
      <input_file id="fl-63">
         <path>/Applications/ti/ccsv7/tools/compiler/ti-cgt-msp430_17.9.0.STS/lib/</path>
         <kind>archive</kind>
         <file>rts430x_lc_rd_eabi.lib</file>
         <name>cvtfd.obj</name>
      </input_file>
      <input_file id="fl-64">
         <path>/Applications/ti/ccsv7/tools/compiler/ti-cgt-msp430_17.9.0.STS/lib/</path>
         <kind>archive</kind>
         <file>rts430x_lc_rd_eabi.lib</file>
         <name>divd.obj</name>
      </input_file>
      <input_file id="fl-65">
         <path>/Applications/ti/ccsv7/tools/compiler/ti-cgt-msp430_17.9.0.STS/lib/</path>
         <kind>archive</kind>
         <file>rts430x_lc_rd_eabi.lib</file>
         <name>frcdivd.obj</name>
      </input_file>
      <input_file id="fl-66">
         <path>/Applications/ti/ccsv7/tools/compiler/ti-cgt-msp430_17.9.0.STS/lib/</path>
         <kind>archive</kind>
         <file>rts430x_lc_rd_eabi.lib</file>
         <name>fs_div.obj</name>
      </input_file>
      <input_file id="fl-67">
         <path>/Applications/ti/ccsv7/tools/compiler/ti-cgt-msp430_17.9.0.STS/lib/</path>
         <kind>archive</kind>
         <file>rts430x_lc_rd_eabi.lib</file>
         <name>div16s.obj</name>
      </input_file>
      <input_file id="fl-68">
         <path>/Applications/ti/ccsv7/tools/compiler/ti-cgt-msp430_17.9.0.STS/lib/</path>
         <kind>archive</kind>
         <file>rts430x_lc_rd_eabi.lib</file>
         <name>div16u.obj</name>
      </input_file>
      <input_file id="fl-69">
         <path>/Applications/ti/ccsv7/tools/compiler/ti-cgt-msp430_17.9.0.STS/lib/</path>
         <kind>archive</kind>
         <file>rts430x_lc_rd_eabi.lib</file>
         <name>div32u.obj</name>
      </input_file>
      <input_file id="fl-6a">
         <path>/Applications/ti/ccsv7/tools/compiler/ti-cgt-msp430_17.9.0.STS/lib/</path>
         <kind>archive</kind>
         <file>rts430x_lc_rd_eabi.lib</file>
         <name>fs_toi.obj</name>
      </input_file>
      <input_file id="fl-6b">
         <path>/Applications/ti/ccsv7/tools/compiler/ti-cgt-msp430_17.9.0.STS/lib/</path>
         <kind>archive</kind>
         <file>rts430x_lc_rd_eabi.lib</file>
         <name>fs_itof.obj</name>
      </input_file>
      <input_file id="fl-6c">
         <path>/Applications/ti/ccsv7/tools/compiler/ti-cgt-msp430_17.9.0.STS/lib/</path>
         <kind>archive</kind>
         <file>rts430x_lc_rd_eabi.lib</file>
         <name>fs_utof.obj</name>
      </input_file>
      <input_file id="fl-6d">
         <path>/Applications/ti/ccsv7/tools/compiler/ti-cgt-msp430_17.9.0.STS/lib/</path>
         <kind>archive</kind>
         <file>rts430x_lc_rd_eabi.lib</file>
         <name>fs_ultof.obj</name>
      </input_file>
      <input_file id="fl-6e">
         <path>/Applications/ti/ccsv7/tools/compiler/ti-cgt-msp430_17.9.0.STS/lib/</path>
         <kind>archive</kind>
         <file>rts430x_lc_rd_eabi.lib</file>
         <name>mpyd.obj</name>
      </input_file>
      <input_file id="fl-6f">
         <path>/Applications/ti/ccsv7/tools/compiler/ti-cgt-msp430_17.9.0.STS/lib/</path>
         <kind>archive</kind>
         <file>rts430x_lc_rd_eabi.lib</file>
         <name>frcmpyd.obj</name>
      </input_file>
      <input_file id="fl-70">
         <path>/Applications/ti/ccsv7/tools/compiler/ti-cgt-msp430_17.9.0.STS/lib/</path>
         <kind>archive</kind>
         <file>rts430x_lc_rd_eabi.lib</file>
         <name>fs_mpy.obj</name>
      </input_file>
      <input_file id="fl-71">
         <path>/Applications/ti/ccsv7/tools/compiler/ti-cgt-msp430_17.9.0.STS/lib/</path>
         <kind>archive</kind>
         <file>rts430x_lc_rd_eabi.lib</file>
         <name>mult16.obj</name>
      </input_file>
      <input_file id="fl-72">
         <path>/Applications/ti/ccsv7/tools/compiler/ti-cgt-msp430_17.9.0.STS/lib/</path>
         <kind>archive</kind>
         <file>rts430x_lc_rd_eabi.lib</file>
         <name>mult16_f5hw.obj</name>
      </input_file>
      <input_file id="fl-73">
         <path>/Applications/ti/ccsv7/tools/compiler/ti-cgt-msp430_17.9.0.STS/lib/</path>
         <kind>archive</kind>
         <file>rts430x_lc_rd_eabi.lib</file>
         <name>mult32.obj</name>
      </input_file>
      <input_file id="fl-74">
         <path>/Applications/ti/ccsv7/tools/compiler/ti-cgt-msp430_17.9.0.STS/lib/</path>
         <kind>archive</kind>
         <file>rts430x_lc_rd_eabi.lib</file>
         <name>mult32_f5hw.obj</name>
      </input_file>
      <input_file id="fl-75">
         <path>/Applications/ti/ccsv7/tools/compiler/ti-cgt-msp430_17.9.0.STS/lib/</path>
         <kind>archive</kind>
         <file>rts430x_lc_rd_eabi.lib</file>
         <name>mult64_f5hw.obj</name>
      </input_file>
      <input_file id="fl-76">
         <path>/Applications/ti/ccsv7/tools/compiler/ti-cgt-msp430_17.9.0.STS/lib/</path>
         <kind>archive</kind>
         <file>rts430x_lc_rd_eabi.lib</file>
         <name>mult1632_f5hw.obj</name>
      </input_file>
      <input_file id="fl-77">
         <path>/Applications/ti/ccsv7/tools/compiler/ti-cgt-msp430_17.9.0.STS/lib/</path>
         <kind>archive</kind>
         <file>rts430x_lc_rd_eabi.lib</file>
         <name>mult3264_f5hw.obj</name>
      </input_file>
      <input_file id="fl-78">
         <path>/Applications/ti/ccsv7/tools/compiler/ti-cgt-msp430_17.9.0.STS/lib/</path>
         <kind>archive</kind>
         <file>rts430x_lc_rd_eabi.lib</file>
         <name>fs_neg.obj</name>
      </input_file>
      <input_file id="fl-79">
         <path>/Applications/ti/ccsv7/tools/compiler/ti-cgt-msp430_17.9.0.STS/lib/</path>
         <kind>archive</kind>
         <file>rts430x_lc_rd_eabi.lib</file>
         <name>lsl32.obj</name>
      </input_file>
      <input_file id="fl-7a">
         <path>/Applications/ti/ccsv7/tools/compiler/ti-cgt-msp430_17.9.0.STS/lib/</path>
         <kind>archive</kind>
         <file>rts430x_lc_rd_eabi.lib</file>
         <name>asr32.obj</name>
      </input_file>
      <input_file id="fl-7b">
         <path>/Applications/ti/ccsv7/tools/compiler/ti-cgt-msp430_17.9.0.STS/lib/</path>
         <kind>archive</kind>
         <file>rts430x_lc_rd_eabi.lib</file>
         <name>lsr32.obj</name>
      </input_file>
      <input_file id="fl-7c">
         <path>/Applications/ti/ccsv7/tools/compiler/ti-cgt-msp430_17.9.0.STS/lib/</path>
         <kind>archive</kind>
         <file>rts430x_lc_rd_eabi.lib</file>
         <name>lsr64.obj</name>
      </input_file>
      <input_file id="fl-7d">
         <path>/Applications/ti/ccsv7/tools/compiler/ti-cgt-msp430_17.9.0.STS/lib/</path>
         <kind>archive</kind>
         <file>rts430x_lc_rd_eabi.lib</file>
         <name>subd.obj</name>
      </input_file>
      <input_file id="fl-7e">
         <path>/Applications/ti/ccsv7/tools/compiler/ti-cgt-msp430_17.9.0.STS/lib/</path>
         <kind>archive</kind>
         <file>rts430x_lc_rd_eabi.lib</file>
         <name>boot.obj</name>
      </input_file>
      <input_file id="fl-7f">
         <path>/Applications/ti/ccsv7/ccs_base/msp430/lib/FR59xx/</path>
         <kind>archive</kind>
         <file>MSPMPU_INIT_LIB_CCS_msp430_large_code_restricted_data.lib</file>
         <name>mpu_init.o</name>
      </input_file>
      <input_file id="fl-80">
         <path>/Applications/ti/ccsv7/tools/compiler/ti-cgt-msp430_17.9.0.STS/lib/</path>
         <kind>archive</kind>
         <file>rts430x_lc_rd_eabi.lib</file>
         <name>args_main.obj</name>
      </input_file>
      <input_file id="fl-81">
         <path>/Applications/ti/ccsv7/tools/compiler/ti-cgt-msp430_17.9.0.STS/lib/</path>
         <kind>archive</kind>
         <file>rts430x_lc_rd_eabi.lib</file>
         <name>autoinit.obj</name>
      </input_file>
      <input_file id="fl-82">
         <path>/Applications/ti/ccsv7/tools/compiler/ti-cgt-msp430_17.9.0.STS/lib/</path>
         <kind>archive</kind>
         <file>rts430x_lc_rd_eabi.lib</file>
         <name>startup.obj</name>
      </input_file>
      <input_file id="fl-83">
         <path>/Applications/ti/ccsv7/tools/compiler/ti-cgt-msp430_17.9.0.STS/lib/</path>
         <kind>archive</kind>
         <file>rts430x_lc_rd_eabi.lib</file>
         <name>pre_init.obj</name>
      </input_file>
      <input_file id="fl-84">
         <path>/Applications/ti/ccsv7/tools/compiler/ti-cgt-msp430_17.9.0.STS/lib/</path>
         <kind>archive</kind>
         <file>rts430x_lc_rd_eabi.lib</file>
         <name>memory.obj</name>
      </input_file>
      <input_file id="fl-85">
         <path>/Applications/ti/ccsv7/tools/compiler/ti-cgt-msp430_17.9.0.STS/lib/</path>
         <kind>archive</kind>
         <file>rts430x_lc_rd_eabi.lib</file>
         <name>_lock.obj</name>
      </input_file>
      <input_file id="fl-86">
         <path>/Applications/ti/ccsv7/tools/compiler/ti-cgt-msp430_17.9.0.STS/lib/</path>
         <kind>archive</kind>
         <file>rts430x_lc_rd_eabi.lib</file>
         <name>cpy_tbl.obj</name>
      </input_file>
      <input_file id="fl-87">
         <path>/Applications/ti/ccsv7/tools/compiler/ti-cgt-msp430_17.9.0.STS/lib/</path>
         <kind>archive</kind>
         <file>rts430x_lc_rd_eabi.lib</file>
         <name>s_cos.obj</name>
      </input_file>
      <input_file id="fl-88">
         <path>/Applications/ti/ccsv7/tools/compiler/ti-cgt-msp430_17.9.0.STS/lib/</path>
         <kind>archive</kind>
         <file>rts430x_lc_rd_eabi.lib</file>
         <name>k_cos.obj</name>
      </input_file>
      <input_file id="fl-89">
         <path>/Applications/ti/ccsv7/tools/compiler/ti-cgt-msp430_17.9.0.STS/lib/</path>
         <kind>archive</kind>
         <file>rts430x_lc_rd_eabi.lib</file>
         <name>k_rem_pio2.obj</name>
      </input_file>
      <input_file id="fl-8a">
         <path>/Applications/ti/ccsv7/tools/compiler/ti-cgt-msp430_17.9.0.STS/lib/</path>
         <kind>archive</kind>
         <file>rts430x_lc_rd_eabi.lib</file>
         <name>k_sin.obj</name>
      </input_file>
      <input_file id="fl-8b">
         <path>/Applications/ti/ccsv7/tools/compiler/ti-cgt-msp430_17.9.0.STS/lib/</path>
         <kind>archive</kind>
         <file>rts430x_lc_rd_eabi.lib</file>
         <name>fixdi.obj</name>
      </input_file>
      <input_file id="fl-8c">
         <path>/Applications/ti/ccsv7/tools/compiler/ti-cgt-msp430_17.9.0.STS/lib/</path>
         <kind>archive</kind>
         <file>rts430x_lc_rd_eabi.lib</file>
         <name>fixdli.obj</name>
      </input_file>
      <input_file id="fl-8d">
         <path>/Applications/ti/ccsv7/tools/compiler/ti-cgt-msp430_17.9.0.STS/lib/</path>
         <kind>archive</kind>
         <file>rts430x_lc_rd_eabi.lib</file>
         <name>fltlid.obj</name>
      </input_file>
      <input_file id="fl-8e">
         <path>/Applications/ti/ccsv7/tools/compiler/ti-cgt-msp430_17.9.0.STS/lib/</path>
         <kind>archive</kind>
         <file>rts430x_lc_rd_eabi.lib</file>
         <name>negd.obj</name>
      </input_file>
      <input_file id="fl-8f">
         <path>/Applications/ti/ccsv7/tools/compiler/ti-cgt-msp430_17.9.0.STS/lib/</path>
         <kind>archive</kind>
         <file>rts430x_lc_rd_eabi.lib</file>
         <name>exit.obj</name>
      </input_file>
      <input_file id="fl-90">
         <path>/Applications/ti/ccsv7/tools/compiler/ti-cgt-msp430_17.9.0.STS/lib/</path>
         <kind>archive</kind>
         <file>rts430x_lc_rd_eabi.lib</file>
         <name>exit_gvars.obj</name>
      </input_file>
      <input_file id="fl-91">
         <path>/Applications/ti/ccsv7/tools/compiler/ti-cgt-msp430_17.9.0.STS/lib/</path>
         <kind>archive</kind>
         <file>rts430x_lc_rd_eabi.lib</file>
         <name>e_exp.obj</name>
      </input_file>
      <input_file id="fl-92">
         <path>/Applications/ti/ccsv7/tools/compiler/ti-cgt-msp430_17.9.0.STS/lib/</path>
         <kind>archive</kind>
         <file>rts430x_lc_rd_eabi.lib</file>
         <name>errno.obj</name>
      </input_file>
      <input_file id="fl-93">
         <path>/Applications/ti/ccsv7/tools/compiler/ti-cgt-msp430_17.9.0.STS/lib/</path>
         <kind>archive</kind>
         <file>rts430x_lc_rd_eabi.lib</file>
         <name>s_floor.obj</name>
      </input_file>
      <input_file id="fl-94">
         <path>/Applications/ti/ccsv7/tools/compiler/ti-cgt-msp430_17.9.0.STS/lib/</path>
         <kind>archive</kind>
         <file>rts430x_lc_rd_eabi.lib</file>
         <name>lsl16.obj</name>
      </input_file>
      <input_file id="fl-95">
         <path>/Applications/ti/ccsv7/tools/compiler/ti-cgt-msp430_17.9.0.STS/lib/</path>
         <kind>archive</kind>
         <file>rts430x_lc_rd_eabi.lib</file>
         <name>memcpy.obj</name>
      </input_file>
      <input_file id="fl-96">
         <path>/Applications/ti/ccsv7/tools/compiler/ti-cgt-msp430_17.9.0.STS/lib/</path>
         <kind>archive</kind>
         <file>rts430x_lc_rd_eabi.lib</file>
         <name>memmov.obj</name>
      </input_file>
      <input_file id="fl-97">
         <path>/Applications/ti/ccsv7/tools/compiler/ti-cgt-msp430_17.9.0.STS/lib/</path>
         <kind>archive</kind>
         <file>rts430x_lc_rd_eabi.lib</file>
         <name>e_pow.obj</name>
      </input_file>
      <input_file id="fl-98">
         <path>/Applications/ti/ccsv7/tools/compiler/ti-cgt-msp430_17.9.0.STS/lib/</path>
         <kind>archive</kind>
         <file>rts430x_lc_rd_eabi.lib</file>
         <name>printf.obj</name>
      </input_file>
      <input_file id="fl-99">
         <path>/Applications/ti/ccsv7/tools/compiler/ti-cgt-msp430_17.9.0.STS/lib/</path>
         <kind>archive</kind>
         <file>rts430x_lc_rd_eabi.lib</file>
         <name>_printfi.obj</name>
      </input_file>
      <input_file id="fl-9a">
         <path>/Applications/ti/ccsv7/tools/compiler/ti-cgt-msp430_17.9.0.STS/lib/</path>
         <kind>archive</kind>
         <file>rts430x_lc_rd_eabi.lib</file>
         <name>div64u.obj</name>
      </input_file>
      <input_file id="fl-9b">
         <path>/Applications/ti/ccsv7/tools/compiler/ti-cgt-msp430_17.9.0.STS/lib/</path>
         <kind>archive</kind>
         <file>rts430x_lc_rd_eabi.lib</file>
         <name>fltid.obj</name>
      </input_file>
      <input_file id="fl-9c">
         <path>/Applications/ti/ccsv7/tools/compiler/ti-cgt-msp430_17.9.0.STS/lib/</path>
         <kind>archive</kind>
         <file>rts430x_lc_rd_eabi.lib</file>
         <name>lsl64.obj</name>
      </input_file>
      <input_file id="fl-9d">
         <path>/Applications/ti/ccsv7/tools/compiler/ti-cgt-msp430_17.9.0.STS/lib/</path>
         <kind>archive</kind>
         <file>rts430x_lc_rd_eabi.lib</file>
         <name>defs.obj</name>
      </input_file>
      <input_file id="fl-9e">
         <path>/Applications/ti/ccsv7/tools/compiler/ti-cgt-msp430_17.9.0.STS/lib/</path>
         <kind>archive</kind>
         <file>rts430x_lc_rd_eabi.lib</file>
         <name>abs.obj</name>
      </input_file>
      <input_file id="fl-9f">
         <path>/Applications/ti/ccsv7/tools/compiler/ti-cgt-msp430_17.9.0.STS/lib/</path>
         <kind>archive</kind>
         <file>rts430x_lc_rd_eabi.lib</file>
         <name>atoi.obj</name>
      </input_file>
      <input_file id="fl-a0">
         <path>/Applications/ti/ccsv7/tools/compiler/ti-cgt-msp430_17.9.0.STS/lib/</path>
         <kind>archive</kind>
         <file>rts430x_lc_rd_eabi.lib</file>
         <name>ctype.obj</name>
      </input_file>
      <input_file id="fl-a1">
         <path>/Applications/ti/ccsv7/tools/compiler/ti-cgt-msp430_17.9.0.STS/lib/</path>
         <kind>archive</kind>
         <file>rts430x_lc_rd_eabi.lib</file>
         <name>fputc.obj</name>
      </input_file>
      <input_file id="fl-a2">
         <path>/Applications/ti/ccsv7/tools/compiler/ti-cgt-msp430_17.9.0.STS/lib/</path>
         <kind>archive</kind>
         <file>rts430x_lc_rd_eabi.lib</file>
         <name>fflush.obj</name>
      </input_file>
      <input_file id="fl-a3">
         <path>/Applications/ti/ccsv7/tools/compiler/ti-cgt-msp430_17.9.0.STS/lib/</path>
         <kind>archive</kind>
         <file>rts430x_lc_rd_eabi.lib</file>
         <name>_io_perm.obj</name>
      </input_file>
      <input_file id="fl-a4">
         <path>/Applications/ti/ccsv7/tools/compiler/ti-cgt-msp430_17.9.0.STS/lib/</path>
         <kind>archive</kind>
         <file>rts430x_lc_rd_eabi.lib</file>
         <name>fputs.obj</name>
      </input_file>
      <input_file id="fl-a5">
         <path>/Applications/ti/ccsv7/tools/compiler/ti-cgt-msp430_17.9.0.STS/lib/</path>
         <kind>archive</kind>
         <file>rts430x_lc_rd_eabi.lib</file>
         <name>s_frexp.obj</name>
      </input_file>
      <input_file id="fl-a6">
         <path>/Applications/ti/ccsv7/tools/compiler/ti-cgt-msp430_17.9.0.STS/lib/</path>
         <kind>archive</kind>
         <file>rts430x_lc_rd_eabi.lib</file>
         <name>fseek.obj</name>
      </input_file>
      <input_file id="fl-a7">
         <path>/Applications/ti/ccsv7/tools/compiler/ti-cgt-msp430_17.9.0.STS/lib/</path>
         <kind>archive</kind>
         <file>rts430x_lc_rd_eabi.lib</file>
         <name>s_scalbn.obj</name>
      </input_file>
      <input_file id="fl-a8">
         <path>/Applications/ti/ccsv7/tools/compiler/ti-cgt-msp430_17.9.0.STS/lib/</path>
         <kind>archive</kind>
         <file>rts430x_lc_rd_eabi.lib</file>
         <name>s_copysign.obj</name>
      </input_file>
      <input_file id="fl-a9">
         <path>/Applications/ti/ccsv7/tools/compiler/ti-cgt-msp430_17.9.0.STS/lib/</path>
         <kind>archive</kind>
         <file>rts430x_lc_rd_eabi.lib</file>
         <name>lseek.obj</name>
      </input_file>
      <input_file id="fl-aa">
         <path>/Applications/ti/ccsv7/tools/compiler/ti-cgt-msp430_17.9.0.STS/lib/</path>
         <kind>archive</kind>
         <file>rts430x_lc_rd_eabi.lib</file>
         <name>write.obj</name>
      </input_file>
      <input_file id="fl-ab">
         <path>/Applications/ti/ccsv7/tools/compiler/ti-cgt-msp430_17.9.0.STS/lib/</path>
         <kind>archive</kind>
         <file>rts430x_lc_rd_eabi.lib</file>
         <name>hostclose.obj</name>
      </input_file>
      <input_file id="fl-ac">
         <path>/Applications/ti/ccsv7/tools/compiler/ti-cgt-msp430_17.9.0.STS/lib/</path>
         <kind>archive</kind>
         <file>rts430x_lc_rd_eabi.lib</file>
         <name>hostlseek.obj</name>
      </input_file>
      <input_file id="fl-ad">
         <path>/Applications/ti/ccsv7/tools/compiler/ti-cgt-msp430_17.9.0.STS/lib/</path>
         <kind>archive</kind>
         <file>rts430x_lc_rd_eabi.lib</file>
         <name>hostopen.obj</name>
      </input_file>
      <input_file id="fl-ae">
         <path>/Applications/ti/ccsv7/tools/compiler/ti-cgt-msp430_17.9.0.STS/lib/</path>
         <kind>archive</kind>
         <file>rts430x_lc_rd_eabi.lib</file>
         <name>hostread.obj</name>
      </input_file>
      <input_file id="fl-af">
         <path>/Applications/ti/ccsv7/tools/compiler/ti-cgt-msp430_17.9.0.STS/lib/</path>
         <kind>archive</kind>
         <file>rts430x_lc_rd_eabi.lib</file>
         <name>hostrename.obj</name>
      </input_file>
      <input_file id="fl-b0">
         <path>/Applications/ti/ccsv7/tools/compiler/ti-cgt-msp430_17.9.0.STS/lib/</path>
         <kind>archive</kind>
         <file>rts430x_lc_rd_eabi.lib</file>
         <name>hostunlink.obj</name>
      </input_file>
      <input_file id="fl-b1">
         <path>/Applications/ti/ccsv7/tools/compiler/ti-cgt-msp430_17.9.0.STS/lib/</path>
         <kind>archive</kind>
         <file>rts430x_lc_rd_eabi.lib</file>
         <name>hostwrite.obj</name>
      </input_file>
      <input_file id="fl-b2">
         <path>/Applications/ti/ccsv7/tools/compiler/ti-cgt-msp430_17.9.0.STS/lib/</path>
         <kind>archive</kind>
         <file>rts430x_lc_rd_eabi.lib</file>
         <name>trgmsg.obj</name>
      </input_file>
      <input_file id="fl-b3">
         <path>/Applications/ti/ccsv7/tools/compiler/ti-cgt-msp430_17.9.0.STS/lib/</path>
         <kind>archive</kind>
         <file>rts430x_lc_rd_eabi.lib</file>
         <name>ltoa.obj</name>
      </input_file>
      <input_file id="fl-b4">
         <path>/Applications/ti/ccsv7/tools/compiler/ti-cgt-msp430_17.9.0.STS/lib/</path>
         <kind>archive</kind>
         <file>rts430x_lc_rd_eabi.lib</file>
         <name>div32s.obj</name>
      </input_file>
      <input_file id="fl-b5">
         <path>/Applications/ti/ccsv7/tools/compiler/ti-cgt-msp430_17.9.0.STS/lib/</path>
         <kind>archive</kind>
         <file>rts430x_lc_rd_eabi.lib</file>
         <name>memccpy.obj</name>
      </input_file>
      <input_file id="fl-b6">
         <path>/Applications/ti/ccsv7/tools/compiler/ti-cgt-msp430_17.9.0.STS/lib/</path>
         <kind>archive</kind>
         <file>rts430x_lc_rd_eabi.lib</file>
         <name>memchr.obj</name>
      </input_file>
      <input_file id="fl-b7">
         <path>/Applications/ti/ccsv7/tools/compiler/ti-cgt-msp430_17.9.0.STS/lib/</path>
         <kind>archive</kind>
         <file>rts430x_lc_rd_eabi.lib</file>
         <name>memset.obj</name>
      </input_file>
      <input_file id="fl-b8">
         <path>/Applications/ti/ccsv7/tools/compiler/ti-cgt-msp430_17.9.0.STS/lib/</path>
         <kind>archive</kind>
         <file>rts430x_lc_rd_eabi.lib</file>
         <name>rand.obj</name>
      </input_file>
      <input_file id="fl-b9">
         <path>../interpow/libs/</path>
         <kind>archive</kind>
         <file>interpow.lib</file>
         <name>interpow.obj</name>
      </input_file>
      <input_file id="fl-ba">
         <path>/Applications/ti/ccsv7/tools/compiler/ti-cgt-msp430_17.9.0.STS/lib/</path>
         <kind>archive</kind>
         <file>rts430x_lc_rd_eabi.lib</file>
         <name>setvbuf.obj</name>
      </input_file>
      <input_file id="fl-bb">
         <path>/Applications/ti/ccsv7/tools/compiler/ti-cgt-msp430_17.9.0.STS/lib/</path>
         <kind>archive</kind>
         <file>rts430x_lc_rd_eabi.lib</file>
         <name>fopen.obj</name>
      </input_file>
      <input_file id="fl-bc">
         <path>/Applications/ti/ccsv7/tools/compiler/ti-cgt-msp430_17.9.0.STS/lib/</path>
         <kind>archive</kind>
         <file>rts430x_lc_rd_eabi.lib</file>
         <name>fclose.obj</name>
      </input_file>
      <input_file id="fl-bd">
         <path>/Applications/ti/ccsv7/tools/compiler/ti-cgt-msp430_17.9.0.STS/lib/</path>
         <kind>archive</kind>
         <file>rts430x_lc_rd_eabi.lib</file>
         <name>close.obj</name>
      </input_file>
      <input_file id="fl-be">
         <path>/Applications/ti/ccsv7/tools/compiler/ti-cgt-msp430_17.9.0.STS/lib/</path>
         <kind>archive</kind>
         <file>rts430x_lc_rd_eabi.lib</file>
         <name>open.obj</name>
      </input_file>
      <input_file id="fl-bf">
         <path>/Applications/ti/ccsv7/tools/compiler/ti-cgt-msp430_17.9.0.STS/lib/</path>
         <kind>archive</kind>
         <file>rts430x_lc_rd_eabi.lib</file>
         <name>getdevice.obj</name>
      </input_file>
      <input_file id="fl-c0">
         <path>/Applications/ti/ccsv7/tools/compiler/ti-cgt-msp430_17.9.0.STS/lib/</path>
         <kind>archive</kind>
         <file>rts430x_lc_rd_eabi.lib</file>
         <name>remove.obj</name>
      </input_file>
      <input_file id="fl-c1">
         <path>/Applications/ti/ccsv7/tools/compiler/ti-cgt-msp430_17.9.0.STS/lib/</path>
         <kind>archive</kind>
         <file>rts430x_lc_rd_eabi.lib</file>
         <name>s_sin.obj</name>
      </input_file>
      <input_file id="fl-c2">
         <path>/Applications/ti/ccsv7/tools/compiler/ti-cgt-msp430_17.9.0.STS/lib/</path>
         <kind>archive</kind>
         <file>rts430x_lc_rd_eabi.lib</file>
         <name>e_sqrt.obj</name>
      </input_file>
      <input_file id="fl-c3">
         <path>/Applications/ti/ccsv7/tools/compiler/ti-cgt-msp430_17.9.0.STS/lib/</path>
         <kind>archive</kind>
         <file>rts430x_lc_rd_eabi.lib</file>
         <name>strchr.obj</name>
      </input_file>
      <input_file id="fl-c4">
         <path>/Applications/ti/ccsv7/tools/compiler/ti-cgt-msp430_17.9.0.STS/lib/</path>
         <kind>archive</kind>
         <file>rts430x_lc_rd_eabi.lib</file>
         <name>strcmp.obj</name>
      </input_file>
      <input_file id="fl-c5">
         <path>/Applications/ti/ccsv7/tools/compiler/ti-cgt-msp430_17.9.0.STS/lib/</path>
         <kind>archive</kind>
         <file>rts430x_lc_rd_eabi.lib</file>
         <name>strcpy.obj</name>
      </input_file>
      <input_file id="fl-c6">
         <path>/Applications/ti/ccsv7/tools/compiler/ti-cgt-msp430_17.9.0.STS/lib/</path>
         <kind>archive</kind>
         <file>rts430x_lc_rd_eabi.lib</file>
         <name>strlen.obj</name>
      </input_file>
      <input_file id="fl-c7">
         <path>/Applications/ti/ccsv7/tools/compiler/ti-cgt-msp430_17.9.0.STS/lib/</path>
         <kind>archive</kind>
         <file>rts430x_lc_rd_eabi.lib</file>
         <name>strncpy.obj</name>
      </input_file>
      <input_file id="fl-c8">
         <path>/Applications/ti/ccsv7/tools/compiler/ti-cgt-msp430_17.9.0.STS/lib/</path>
         <kind>archive</kind>
         <file>rts430x_lc_rd_eabi.lib</file>
         <name>toupper.obj</name>
      </input_file>
      <input_file id="fl-c9">
         <path>/Applications/ti/ccsv7/tools/compiler/ti-cgt-msp430_17.9.0.STS/lib/</path>
         <kind>archive</kind>
         <file>rts430x_lc_rd_eabi.lib</file>
         <name>unlink.obj</name>
      </input_file>
   </input_file_list>
   <object_component_list>
      <object_component id="oc-981">
         <name>.TI.persistent:input</name>
         <load_address>0x4000</load_address>
         <run_address>0x4000</run_address>
         <size>0x5208</size>
         <input_file_ref idref="fl-3"/>
      </object_component>
      <object_component id="oc-984">
         <name>.TI.persistent:output</name>
         <load_address>0x9208</load_address>
         <run_address>0x9208</run_address>
         <size>0xbb8</size>
         <input_file_ref idref="fl-3"/>
      </object_component>
      <object_component id="oc-998">
         <name>.TI.persistent:TASK_END_PROGRAM</name>
         <load_address>0x9dc0</load_address>
         <run_address>0x9dc0</run_address>
         <size>0x8</size>
         <input_file_ref idref="fl-3"/>
      </object_component>
      <object_component id="oc-7db">
         <name>.TI.persistent:TASK_INIT_FANN</name>
         <load_address>0x9dc8</load_address>
         <run_address>0x9dc8</run_address>
         <size>0x8</size>
         <input_file_ref idref="fl-3"/>
      </object_component>
      <object_component id="oc-8a8">
         <name>.TI.persistent:TASK_ITERATE</name>
         <load_address>0x9dd0</load_address>
         <run_address>0x9dd0</run_address>
         <size>0x8</size>
         <input_file_ref idref="fl-3"/>
      </object_component>
      <object_component id="oc-7ce">
         <name>.TI.persistent</name>
         <load_address>0x9dd8</load_address>
         <run_address>0x9dd8</run_address>
         <size>0x4</size>
         <input_file_ref idref="fl-2"/>
      </object_component>
      <object_component id="oc-77d">
         <name>.TI.persistent</name>
         <load_address>0x9ddc</load_address>
         <run_address>0x9ddc</run_address>
         <size>0x3</size>
         <input_file_ref idref="fl-3"/>
      </object_component>
      <object_component id="oc-d1a">
         <name>.cio</name>
         <load_address>0x9de0</load_address>
         <run_address>0x9de0</run_address>
         <size>0x120</size>
         <input_file_ref idref="fl-b2"/>
      </object_component>
      <object_component id="oc-69f">
         <name>.sysmem</name>
         <load_address>0x9f00</load_address>
         <run_address>0x9f00</run_address>
         <size>0x6</size>
         <input_file_ref idref="fl-84"/>
      </object_component>
      <object_component id="oc-ddf">
         <name>.sysmem</name>
         <load_address>0x9f00</load_address>
         <run_address>0x9f00</run_address>
         <size>0x0</size>
      </object_component>
      <object_component id="oc-ddd">
         <name>.cinit..data.load</name>
         <load_address>0xafda</load_address>
         <run_address>0xafda</run_address>
         <size>0x5c5</size>
      </object_component>
      <object_component id="oc-dda">
         <name>__TI_handler_table</name>
         <load_address>0xb5a0</load_address>
         <run_address>0xb5a0</run_address>
         <size>0xc</size>
      </object_component>
      <object_component id="oc-ddc">
         <name>.cinit..bss.load</name>
         <load_address>0xb5ac</load_address>
         <run_address>0xb5ac</run_address>
         <size>0x6</size>
      </object_component>
      <object_component id="oc-ddb">
         <name>__TI_cinit_table</name>
         <load_address>0xb5b2</load_address>
         <run_address>0xb5b2</run_address>
         <size>0x10</size>
      </object_component>
      <object_component id="oc-d69">
         <name>.binit</name>
         <load_address>0x4000</load_address>
         <run_address>0x4000</run_address>
         <size>0x0</size>
      </object_component>
      <object_component id="oc-6f5">
         <name>.text:_isr:_c_int00_noargs_mpu</name>
         <load_address>0xac00</load_address>
         <run_address>0xac00</run_address>
         <size>0x20</size>
         <input_file_ref idref="fl-7e"/>
      </object_component>
      <object_component id="oc-6bf">
         <name>.text:_isr:TIMER0_A1_ISR</name>
         <load_address>0xac20</load_address>
         <run_address>0xac20</run_address>
         <size>0x12</size>
         <input_file_ref idref="fl-51"/>
      </object_component>
      <object_component id="oc-6c5">
         <name>.text:_isr:Timer0_A0_ISR</name>
         <load_address>0xac32</load_address>
         <run_address>0xac32</run_address>
         <size>0xe</size>
         <input_file_ref idref="fl-2"/>
      </object_component>
      <object_component id="oc-6ba">
         <name>.text:_isr:__TI_ISR_TRAP</name>
         <load_address>0xac40</load_address>
         <run_address>0xac40</run_address>
         <size>0x8</size>
         <input_file_ref idref="fl-37"/>
      </object_component>
      <object_component id="oc-c7d">
         <name>.const:ipio2</name>
         <load_address>0xac48</load_address>
         <run_address>0xac48</run_address>
         <size>0x108</size>
         <input_file_ref idref="fl-89"/>
      </object_component>
      <object_component id="oc-a68">
         <name>.const:.string:_ctypes_</name>
         <load_address>0xad50</load_address>
         <run_address>0xad50</run_address>
         <size>0x101</size>
         <input_file_ref idref="fl-a0"/>
      </object_component>
      <object_component id="oc-89b">
         <name>.const:.string</name>
         <load_address>0xae52</load_address>
         <run_address>0xae52</run_address>
         <size>0xd4</size>
         <input_file_ref idref="fl-3"/>
      </object_component>
      <object_component id="oc-c86">
         <name>.const:PIo2</name>
         <load_address>0xaf26</load_address>
         <run_address>0xaf26</run_address>
         <size>0x40</size>
         <input_file_ref idref="fl-89"/>
      </object_component>
      <object_component id="oc-9f9">
         <name>.const:.string</name>
         <load_address>0xaf66</load_address>
         <run_address>0xaf66</run_address>
         <size>0x26</size>
         <input_file_ref idref="fl-99"/>
      </object_component>
      <object_component id="oc-bce">
         <name>.const:halF</name>
         <load_address>0xaf8c</load_address>
         <run_address>0xaf8c</run_address>
         <size>0x10</size>
         <input_file_ref idref="fl-91"/>
      </object_component>
      <object_component id="oc-bd1">
         <name>.const:ln2HI</name>
         <load_address>0xaf9c</load_address>
         <run_address>0xaf9c</run_address>
         <size>0x10</size>
         <input_file_ref idref="fl-91"/>
      </object_component>
      <object_component id="oc-bd4">
         <name>.const:ln2LO</name>
         <load_address>0xafac</load_address>
         <run_address>0xafac</run_address>
         <size>0x10</size>
         <input_file_ref idref="fl-91"/>
      </object_component>
      <object_component id="oc-913">
         <name>.const:.string:$P$T1$2</name>
         <load_address>0xafbc</load_address>
         <run_address>0xafbc</run_address>
         <size>0xa</size>
         <input_file_ref idref="fl-7"/>
      </object_component>
      <object_component id="oc-91e">
         <name>.const:$P$T2$3</name>
         <load_address>0xafc6</load_address>
         <run_address>0xafc6</run_address>
         <size>0x8</size>
         <input_file_ref idref="fl-7"/>
      </object_component>
      <object_component id="oc-c7a">
         <name>.const:init_jk</name>
         <load_address>0xafce</load_address>
         <run_address>0xafce</run_address>
         <size>0x8</size>
         <input_file_ref idref="fl-89"/>
      </object_component>
      <object_component id="oc-8fe">
         <name>.const:.string:$P$T0$1</name>
         <load_address>0xafd6</load_address>
         <run_address>0xafd6</run_address>
         <size>0x3</size>
         <input_file_ref idref="fl-7"/>
      </object_component>
      <object_component id="oc-a1b">
         <name>.text:fann_run</name>
         <load_address>0x10000</load_address>
         <run_address>0x10000</run_address>
         <size>0xe18</size>
         <input_file_ref idref="fl-4"/>
      </object_component>
      <object_component id="oc-bb0">
         <name>.text:__kernel_rem_pio2</name>
         <load_address>0x10e18</load_address>
         <run_address>0x10e18</run_address>
         <size>0xdb6</size>
         <input_file_ref idref="fl-89"/>
      </object_component>
      <object_component id="oc-ae1">
         <name>.text:sin</name>
         <load_address>0x11bce</load_address>
         <run_address>0x11bce</run_address>
         <size>0x8d8</size>
         <input_file_ref idref="fl-c1"/>
      </object_component>
      <object_component id="oc-adb">
         <name>.text:cos</name>
         <load_address>0x124a6</load_address>
         <run_address>0x124a6</run_address>
         <size>0x8d2</size>
         <input_file_ref idref="fl-87"/>
      </object_component>
      <object_component id="oc-ae7">
         <name>.text:exp</name>
         <load_address>0x12d78</load_address>
         <run_address>0x12d78</run_address>
         <size>0x528</size>
         <input_file_ref idref="fl-91"/>
      </object_component>
      <object_component id="oc-b87">
         <name>.text:__TI_frcdivd</name>
         <load_address>0x132a0</load_address>
         <run_address>0x132a0</run_address>
         <size>0x466</size>
         <input_file_ref idref="fl-65"/>
      </object_component>
      <object_component id="oc-8c1">
         <name>.text:fann_create_msp430</name>
         <load_address>0x13706</load_address>
         <run_address>0x13706</run_address>
         <size>0x3a0</size>
         <input_file_ref idref="fl-7"/>
      </object_component>
      <object_component id="oc-b30">
         <name>.text:__mspabi_divull</name>
         <load_address>0x13aa6</load_address>
         <run_address>0x13aa6</run_address>
         <size>0x34e</size>
         <input_file_ref idref="fl-9a"/>
      </object_component>
      <object_component id="oc-901">
         <name>.text:fann_allocate_structure</name>
         <load_address>0x13df4</load_address>
         <run_address>0x13df4</run_address>
         <size>0x2f2</size>
         <input_file_ref idref="fl-4"/>
      </object_component>
      <object_component id="oc-acf">
         <name>.text:__mspabi_addd</name>
         <load_address>0x140e6</load_address>
         <run_address>0x140e6</run_address>
         <size>0x2e0</size>
         <input_file_ref idref="fl-5c"/>
      </object_component>
      <object_component id="oc-bbc">
         <name>.text:__kernel_sin</name>
         <load_address>0x143c6</load_address>
         <run_address>0x143c6</run_address>
         <size>0x2b0</size>
         <input_file_ref idref="fl-8a"/>
      </object_component>
      <object_component id="oc-b7f">
         <name>.text:__TI_frcmpyd</name>
         <load_address>0x14676</load_address>
         <run_address>0x14676</run_address>
         <size>0x280</size>
         <input_file_ref idref="fl-6f"/>
      </object_component>
      <object_component id="oc-8eb">
         <name>.text:__TI_printfi</name>
         <load_address>0x148f6</load_address>
         <run_address>0x148f6</run_address>
         <size>0x270</size>
         <input_file_ref idref="fl-99"/>
      </object_component>
      <object_component id="oc-ac3">
         <name>.text:__mspabi_mpyd</name>
         <load_address>0x14b66</load_address>
         <run_address>0x14b66</run_address>
         <size>0x266</size>
         <input_file_ref idref="fl-6e"/>
      </object_component>
      <object_component id="oc-a00">
         <name>.text:_pproc_fgea</name>
         <load_address>0x14dcc</load_address>
         <run_address>0x14dcc</run_address>
         <size>0x260</size>
         <input_file_ref idref="fl-99"/>
      </object_component>
      <object_component id="oc-95d">
         <name>.text:_setfield</name>
         <load_address>0x1502c</load_address>
         <run_address>0x1502c</run_address>
         <size>0x25e</size>
         <input_file_ref idref="fl-99"/>
      </object_component>
      <object_component id="oc-bb6">
         <name>.text:__kernel_cos</name>
         <load_address>0x1528a</load_address>
         <run_address>0x1528a</run_address>
         <size>0x254</size>
         <input_file_ref idref="fl-88"/>
      </object_component>
      <object_component id="oc-b8f">
         <name>.text:__TI_frcaddd</name>
         <load_address>0x154de</load_address>
         <run_address>0x154de</run_address>
         <size>0x248</size>
         <input_file_ref idref="fl-5d"/>
      </object_component>
      <object_component id="oc-b6c">
         <name>.text:acvt</name>
         <load_address>0x15726</load_address>
         <run_address>0x15726</run_address>
         <size>0x224</size>
         <input_file_ref idref="fl-99"/>
      </object_component>
      <object_component id="oc-ac9">
         <name>.text:__mspabi_divd</name>
         <load_address>0x1594a</load_address>
         <run_address>0x1594a</run_address>
         <size>0x222</size>
         <input_file_ref idref="fl-64"/>
      </object_component>
      <object_component id="oc-a6f">
         <name>.text:_getarg_diouxp</name>
         <load_address>0x15b6c</load_address>
         <run_address>0x15b6c</run_address>
         <size>0x20c</size>
         <input_file_ref idref="fl-99"/>
      </object_component>
      <object_component id="oc-90d">
         <name>.text:fann_destroy</name>
         <load_address>0x15d78</load_address>
         <run_address>0x15d78</run_address>
         <size>0x204</size>
         <input_file_ref idref="fl-4"/>
      </object_component>
      <object_component id="oc-b45">
         <name>.text:ecvt</name>
         <load_address>0x15f7c</load_address>
         <run_address>0x15f7c</run_address>
         <size>0x1e6</size>
         <input_file_ref idref="fl-99"/>
      </object_component>
      <object_component id="oc-b58">
         <name>.text:fcvt</name>
         <load_address>0x16162</load_address>
         <run_address>0x16162</run_address>
         <size>0x1c8</size>
         <input_file_ref idref="fl-99"/>
      </object_component>
      <object_component id="oc-c80">
         <name>.text:floor</name>
         <load_address>0x1632a</load_address>
         <run_address>0x1632a</run_address>
         <size>0x1c4</size>
         <input_file_ref idref="fl-93"/>
      </object_component>
      <object_component id="oc-a99">
         <name>.text:_pconv_e</name>
         <load_address>0x164ee</load_address>
         <run_address>0x164ee</run_address>
         <size>0x1a2</size>
         <input_file_ref idref="fl-99"/>
      </object_component>
      <object_component id="oc-a9f">
         <name>.text:_pconv_a</name>
         <load_address>0x16690</load_address>
         <run_address>0x16690</run_address>
         <size>0x170</size>
         <input_file_ref idref="fl-99"/>
      </object_component>
      <object_component id="oc-c3f">
         <name>.text:scalbn</name>
         <load_address>0x16800</load_address>
         <run_address>0x16800</run_address>
         <size>0x15a</size>
         <input_file_ref idref="fl-a7"/>
      </object_component>
      <object_component id="oc-9fa">
         <name>.text:_pproc_diouxp</name>
         <load_address>0x1695a</load_address>
         <run_address>0x1695a</run_address>
         <size>0x148</size>
         <input_file_ref idref="fl-99"/>
      </object_component>
      <object_component id="oc-907">
         <name>.text:realloc</name>
         <load_address>0x16aa2</load_address>
         <run_address>0x16aa2</run_address>
         <size>0x144</size>
         <input_file_ref idref="fl-84"/>
      </object_component>
      <object_component id="oc-a21">
         <name>.text</name>
         <load_address>0x16be6</load_address>
         <run_address>0x16be6</run_address>
         <size>0x132</size>
         <input_file_ref idref="fl-5f"/>
      </object_component>
      <object_component id="oc-8f5">
         <name>.text:task_iterate</name>
         <load_address>0x16d18</load_address>
         <run_address>0x16d18</run_address>
         <size>0x12c</size>
         <input_file_ref idref="fl-3"/>
      </object_component>
      <object_component id="oc-a75">
         <name>.text:_ltostr</name>
         <load_address>0x16e44</load_address>
         <run_address>0x16e44</run_address>
         <size>0x128</size>
         <input_file_ref idref="fl-99"/>
      </object_component>
      <object_component id="oc-a8d">
         <name>.text:_pconv_g</name>
         <load_address>0x16f6c</load_address>
         <run_address>0x16f6c</run_address>
         <size>0xfc</size>
         <input_file_ref idref="fl-99"/>
      </object_component>
      <object_component id="oc-957">
         <name>.text:_pproc_fwp</name>
         <load_address>0x17068</load_address>
         <run_address>0x17068</run_address>
         <size>0xfa</size>
         <input_file_ref idref="fl-99"/>
      </object_component>
      <object_component id="oc-943">
         <name>.text:fputs</name>
         <load_address>0x17162</load_address>
         <run_address>0x17162</run_address>
         <size>0xf0</size>
         <input_file_ref idref="fl-a4"/>
      </object_component>
      <object_component id="oc-a51">
         <name>.text:setvbuf</name>
         <load_address>0x17252</load_address>
         <run_address>0x17252</run_address>
         <size>0xde</size>
         <input_file_ref idref="fl-ba"/>
      </object_component>
      <object_component id="oc-aa5">
         <name>.text:__mspabi_cmpd</name>
         <load_address>0x17330</load_address>
         <run_address>0x17330</run_address>
         <size>0xd8</size>
         <input_file_ref idref="fl-60"/>
      </object_component>
      <object_component id="oc-99e">
         <name>.text:malloc</name>
         <load_address>0x17408</load_address>
         <run_address>0x17408</run_address>
         <size>0xbc</size>
         <input_file_ref idref="fl-84"/>
      </object_component>
      <object_component id="oc-ab3">
         <name>.text</name>
         <load_address>0x174c4</load_address>
         <run_address>0x174c4</run_address>
         <size>0xb8</size>
         <input_file_ref idref="fl-70"/>
      </object_component>
      <object_component id="oc-c69">
         <name>.text:__TI_renormd</name>
         <load_address>0x1757c</load_address>
         <run_address>0x1757c</run_address>
         <size>0xb2</size>
         <input_file_ref idref="fl-5e"/>
      </object_component>
      <object_component id="oc-963">
         <name>.text:_pproc_str</name>
         <load_address>0x1762e</load_address>
         <run_address>0x1762e</run_address>
         <size>0xa6</size>
         <input_file_ref idref="fl-99"/>
      </object_component>
      <object_component id="oc-b66">
         <name>.text:frexp</name>
         <load_address>0x176d4</load_address>
         <run_address>0x176d4</run_address>
         <size>0xa6</size>
         <input_file_ref idref="fl-a5"/>
      </object_component>
      <object_component id="oc-baa">
         <name>.text:__mspabi_fltlid</name>
         <load_address>0x1777a</load_address>
         <run_address>0x1777a</run_address>
         <size>0x9e</size>
         <input_file_ref idref="fl-8d"/>
      </object_component>
      <object_component id="oc-a26">
         <name>.text:fann_update_MSE</name>
         <load_address>0x17818</load_address>
         <run_address>0x17818</run_address>
         <size>0x9c</size>
         <input_file_ref idref="fl-8"/>
      </object_component>
      <object_component id="oc-c01">
         <name>.text:HOSTlseek</name>
         <load_address>0x178b4</load_address>
         <run_address>0x178b4</run_address>
         <size>0x9a</size>
         <input_file_ref idref="fl-ac"/>
      </object_component>
      <object_component id="oc-b4b">
         <name>.text:_ecpy</name>
         <load_address>0x1794e</load_address>
         <run_address>0x1794e</run_address>
         <size>0x90</size>
         <input_file_ref idref="fl-99"/>
      </object_component>
      <object_component id="oc-b51">
         <name>.text:_mcpy</name>
         <load_address>0x179de</load_address>
         <run_address>0x179de</run_address>
         <size>0x90</size>
         <input_file_ref idref="fl-99"/>
      </object_component>
      <object_component id="oc-94a">
         <name>.text:fputc</name>
         <load_address>0x17a6e</load_address>
         <run_address>0x17a6e</run_address>
         <size>0x90</size>
         <input_file_ref idref="fl-a1"/>
      </object_component>
      <object_component id="oc-890">
         <name>.text</name>
         <load_address>0x17afe</load_address>
         <run_address>0x17afe</run_address>
         <size>0x90</size>
         <input_file_ref idref="fl-66"/>
      </object_component>
      <object_component id="oc-9ad">
         <name>.text:free</name>
         <load_address>0x17b8e</load_address>
         <run_address>0x17b8e</run_address>
         <size>0x8e</size>
         <input_file_ref idref="fl-84"/>
      </object_component>
      <object_component id="oc-ad5">
         <name>.text:__mspabi_cvtdf</name>
         <load_address>0x17c1c</load_address>
         <run_address>0x17c1c</run_address>
         <size>0x8c</size>
         <input_file_ref idref="fl-62"/>
      </object_component>
      <object_component id="oc-c27">
         <name>.text:ltoa</name>
         <load_address>0x17ca8</load_address>
         <run_address>0x17ca8</run_address>
         <size>0x80</size>
         <input_file_ref idref="fl-b3"/>
      </object_component>
      <object_component id="oc-a2f">
         <name>.text:task_end_program</name>
         <load_address>0x17d28</load_address>
         <run_address>0x17d28</run_address>
         <size>0x80</size>
         <input_file_ref idref="fl-3"/>
      </object_component>
      <object_component id="oc-9ce">
         <name>.text:__TI_wrt_ok</name>
         <load_address>0x17da8</load_address>
         <run_address>0x17da8</run_address>
         <size>0x7e</size>
         <input_file_ref idref="fl-a3"/>
      </object_component>
      <object_component id="oc-83c">
         <name>.text:task_init_fann</name>
         <load_address>0x17e26</load_address>
         <run_address>0x17e26</run_address>
         <size>0x7e</size>
         <input_file_ref idref="fl-3"/>
      </object_component>
      <object_component id="oc-92b">
         <name>.text:fann_allocate_neurons</name>
         <load_address>0x17ea4</load_address>
         <run_address>0x17ea4</run_address>
         <size>0x7a</size>
         <input_file_ref idref="fl-4"/>
      </object_component>
      <object_component id="oc-a93">
         <name>.text:_pconv_f</name>
         <load_address>0x17f1e</load_address>
         <run_address>0x17f1e</run_address>
         <size>0x78</size>
         <input_file_ref idref="fl-99"/>
      </object_component>
      <object_component id="oc-84">
         <name>.text:decompress:lzss:__TI_decompress_lzss</name>
         <load_address>0x17f96</load_address>
         <run_address>0x17f96</run_address>
         <size>0x76</size>
         <input_file_ref idref="fl-34"/>
      </object_component>
      <object_component id="oc-c0d">
         <name>.text:HOSTrename</name>
         <load_address>0x1800c</load_address>
         <run_address>0x1800c</run_address>
         <size>0x74</size>
         <input_file_ref idref="fl-af"/>
      </object_component>
      <object_component id="oc-bdd">
         <name>.text:__TI_closefile</name>
         <load_address>0x18080</load_address>
         <run_address>0x18080</run_address>
         <size>0x74</size>
         <input_file_ref idref="fl-bc"/>
      </object_component>
      <object_component id="oc-be9">
         <name>.text:HOSTopen</name>
         <load_address>0x180f4</load_address>
         <run_address>0x180f4</run_address>
         <size>0x70</size>
         <input_file_ref idref="fl-ad"/>
      </object_component>
      <object_component id="oc-bfb">
         <name>.text:HOSTwrite</name>
         <load_address>0x18164</load_address>
         <run_address>0x18164</run_address>
         <size>0x6c</size>
         <input_file_ref idref="fl-b1"/>
      </object_component>
      <object_component id="oc-bf5">
         <name>.text:HOSTread</name>
         <load_address>0x181d0</load_address>
         <run_address>0x181d0</run_address>
         <size>0x6a</size>
         <input_file_ref idref="fl-ae"/>
      </object_component>
      <object_component id="oc-a4b">
         <name>.text:fseek</name>
         <load_address>0x1823a</load_address>
         <run_address>0x1823a</run_address>
         <size>0x6a</size>
         <input_file_ref idref="fl-a6"/>
      </object_component>
      <object_component id="oc-919">
         <name>.text</name>
         <load_address>0x182a4</load_address>
         <run_address>0x182a4</run_address>
         <size>0x68</size>
         <input_file_ref idref="fl-6a"/>
      </object_component>
      <object_component id="oc-895">
         <name>.text:__mspabi_cvtfd</name>
         <load_address>0x1830c</load_address>
         <run_address>0x1830c</run_address>
         <size>0x66</size>
         <input_file_ref idref="fl-63"/>
      </object_component>
      <object_component id="oc-ba4">
         <name>.text:__mspabi_fixdli</name>
         <load_address>0x18372</load_address>
         <run_address>0x18372</run_address>
         <size>0x66</size>
         <input_file_ref idref="fl-8c"/>
      </object_component>
      <object_component id="oc-9da">
         <name>.text:__TI_doflush</name>
         <load_address>0x183d8</load_address>
         <run_address>0x183d8</run_address>
         <size>0x64</size>
         <input_file_ref idref="fl-a2"/>
      </object_component>
      <object_component id="oc-9ec">
         <name>.text:atoi</name>
         <load_address>0x1843c</load_address>
         <run_address>0x1843c</run_address>
         <size>0x62</size>
         <input_file_ref idref="fl-9f"/>
      </object_component>
      <object_component id="oc-768">
         <name>.text:tester_autoreset</name>
         <load_address>0x1849e</load_address>
         <run_address>0x1849e</run_address>
         <size>0x60</size>
         <input_file_ref idref="fl-2"/>
      </object_component>
      <object_component id="oc-987">
         <name>.text:fann_test</name>
         <load_address>0x184fe</load_address>
         <run_address>0x184fe</run_address>
         <size>0x5c</size>
         <input_file_ref idref="fl-8"/>
      </object_component>
      <object_component id="oc-c9e">
         <name>.text:close</name>
         <load_address>0x1855a</load_address>
         <run_address>0x1855a</run_address>
         <size>0x5a</size>
         <input_file_ref idref="fl-bd"/>
      </object_component>
      <object_component id="oc-d0e">
         <name>.text:getdevice</name>
         <load_address>0x185b4</load_address>
         <run_address>0x185b4</run_address>
         <size>0x5a</size>
         <input_file_ref idref="fl-bf"/>
      </object_component>
      <object_component id="oc-98e">
         <name>.text</name>
         <load_address>0x1860e</load_address>
         <run_address>0x1860e</run_address>
         <size>0x58</size>
         <input_file_ref idref="fl-69"/>
      </object_component>
      <object_component id="oc-7a5">
         <name>.text:__TI_auto_init_nobinit_nopinit_hold_wdt:__TI_auto_init_nobinit_nopinit_hold_wdt</name>
         <load_address>0x18666</load_address>
         <run_address>0x18666</run_address>
         <size>0x54</size>
         <input_file_ref idref="fl-81"/>
      </object_component>
      <object_component id="oc-bef">
         <name>.text:HOSTclose</name>
         <load_address>0x186ba</load_address>
         <run_address>0x186ba</run_address>
         <size>0x4e</size>
         <input_file_ref idref="fl-ab"/>
      </object_component>
      <object_component id="oc-b5e">
         <name>.text:_fcpy</name>
         <load_address>0x18708</load_address>
         <run_address>0x18708</run_address>
         <size>0x4e</size>
         <input_file_ref idref="fl-99"/>
      </object_component>
      <object_component id="oc-787">
         <name>.text:exit</name>
         <load_address>0x18756</load_address>
         <run_address>0x18756</run_address>
         <size>0x4a</size>
         <input_file_ref idref="fl-8f"/>
      </object_component>
      <object_component id="oc-89c">
         <name>.text:printf</name>
         <load_address>0x187a0</load_address>
         <run_address>0x187a0</run_address>
         <size>0x4a</size>
         <input_file_ref idref="fl-98"/>
      </object_component>
      <object_component id="oc-aae">
         <name>.text</name>
         <load_address>0x187ea</load_address>
         <run_address>0x187ea</run_address>
         <size>0x4a</size>
         <input_file_ref idref="fl-61"/>
      </object_component>
      <object_component id="oc-c07">
         <name>.text:HOSTunlink</name>
         <load_address>0x18834</load_address>
         <run_address>0x18834</run_address>
         <size>0x46</size>
         <input_file_ref idref="fl-b0"/>
      </object_component>
      <object_component id="oc-a3a">
         <name>.text:minit</name>
         <load_address>0x1887a</load_address>
         <run_address>0x1887a</run_address>
         <size>0x42</size>
         <input_file_ref idref="fl-84"/>
      </object_component>
      <object_component id="oc-cd5">
         <name>.text</name>
         <load_address>0x188bc</load_address>
         <run_address>0x188bc</run_address>
         <size>0x40</size>
         <input_file_ref idref="fl-b4"/>
      </object_component>
      <object_component id="oc-8d1">
         <name>.text:l_asr_const</name>
         <load_address>0x188fc</load_address>
         <run_address>0x188fc</run_address>
         <size>0x3e</size>
         <input_file_ref idref="fl-7a"/>
      </object_component>
      <object_component id="oc-b97">
         <name>.text:l_lsl_const</name>
         <load_address>0x1893a</load_address>
         <run_address>0x1893a</run_address>
         <size>0x3e</size>
         <input_file_ref idref="fl-79"/>
      </object_component>
      <object_component id="oc-c52">
         <name>.text:l_lsr_const</name>
         <load_address>0x18978</load_address>
         <run_address>0x18978</run_address>
         <size>0x3e</size>
         <input_file_ref idref="fl-7b"/>
      </object_component>
      <object_component id="oc-afc">
         <name>.text:lseek</name>
         <load_address>0x189b6</load_address>
         <run_address>0x189b6</run_address>
         <size>0x3e</size>
         <input_file_ref idref="fl-a9"/>
      </object_component>
      <object_component id="oc-734">
         <name>.text:main</name>
         <load_address>0x189f4</load_address>
         <run_address>0x189f4</run_address>
         <size>0x3e</size>
         <input_file_ref idref="fl-3"/>
      </object_component>
      <object_component id="oc-9e0">
         <name>.text:write</name>
         <load_address>0x18a32</load_address>
         <run_address>0x18a32</run_address>
         <size>0x3c</size>
         <input_file_ref idref="fl-aa"/>
      </object_component>
      <object_component id="oc-c17">
         <name>.text:__mspabi_sllll</name>
         <load_address>0x18a6e</load_address>
         <run_address>0x18a6e</run_address>
         <size>0x3a</size>
         <input_file_ref idref="fl-9c"/>
      </object_component>
      <object_component id="oc-b36">
         <name>.text:__mspabi_srlll</name>
         <load_address>0x18aa8</load_address>
         <run_address>0x18aa8</run_address>
         <size>0x3a</size>
         <input_file_ref idref="fl-7c"/>
      </object_component>
      <object_component id="oc-885">
         <name>.text:profiler_stop</name>
         <load_address>0x18ae2</load_address>
         <run_address>0x18ae2</run_address>
         <size>0x3a</size>
         <input_file_ref idref="fl-51"/>
      </object_component>
      <object_component id="oc-b04">
         <name>.text:__TI_cleanup</name>
         <load_address>0x18b1c</load_address>
         <run_address>0x18b1c</run_address>
         <size>0x36</size>
         <input_file_ref idref="fl-bb"/>
      </object_component>
      <object_component id="oc-cb2">
         <name>.text:__TI_writemsg</name>
         <load_address>0x18b52</load_address>
         <run_address>0x18b52</run_address>
         <size>0x36</size>
         <input_file_ref idref="fl-b2"/>
      </object_component>
      <object_component id="oc-993">
         <name>.text</name>
         <load_address>0x18b88</load_address>
         <run_address>0x18b88</run_address>
         <size>0x36</size>
         <input_file_ref idref="fl-6b"/>
      </object_component>
      <object_component id="oc-cb8">
         <name>.text:__TI_readmsg</name>
         <load_address>0x18bbe</load_address>
         <run_address>0x18bbe</run_address>
         <size>0x32</size>
         <input_file_ref idref="fl-b2"/>
      </object_component>
      <object_component id="oc-abd">
         <name>.text:__mspabi_subd</name>
         <load_address>0x18bf0</load_address>
         <run_address>0x18bf0</run_address>
         <size>0x32</size>
         <input_file_ref idref="fl-7d"/>
      </object_component>
      <object_component id="oc-934">
         <name>.text:fann_allocate_connections</name>
         <load_address>0x18c22</load_address>
         <run_address>0x18c22</run_address>
         <size>0x32</size>
         <input_file_ref idref="fl-4"/>
      </object_component>
      <object_component id="oc-88b">
         <name>.text</name>
         <load_address>0x18c54</load_address>
         <run_address>0x18c54</run_address>
         <size>0x32</size>
         <input_file_ref idref="fl-6d"/>
      </object_component>
      <object_component id="oc-d3d">
         <name>.text:strncpy</name>
         <load_address>0x18c86</load_address>
         <run_address>0x18c86</run_address>
         <size>0x32</size>
         <input_file_ref idref="fl-c7"/>
      </object_component>
      <object_component id="oc-ca5">
         <name>.text:unlink</name>
         <load_address>0x18cb8</load_address>
         <run_address>0x18cb8</run_address>
         <size>0x30</size>
         <input_file_ref idref="fl-c9"/>
      </object_component>
      <object_component id="oc-a87">
         <name>.text:__mspabi_negd</name>
         <load_address>0x18ce8</load_address>
         <run_address>0x18ce8</run_address>
         <size>0x2e</size>
         <input_file_ref idref="fl-8e"/>
      </object_component>
      <object_component id="oc-cdf">
         <name>.text:copysign</name>
         <load_address>0x18d16</load_address>
         <run_address>0x18d16</run_address>
         <size>0x2e</size>
         <input_file_ref idref="fl-a8"/>
      </object_component>
      <object_component id="oc-d43">
         <name>.text:finddevice</name>
         <load_address>0x18d44</load_address>
         <run_address>0x18d44</run_address>
         <size>0x2e</size>
         <input_file_ref idref="fl-bf"/>
      </object_component>
      <object_component id="oc-746">
         <name>.text:__mpu_init</name>
         <load_address>0x18d72</load_address>
         <run_address>0x18d72</run_address>
         <size>0x2c</size>
         <input_file_ref idref="fl-7f"/>
      </object_component>
      <object_component id="oc-9a7">
         <name>.text:calloc</name>
         <load_address>0x18d9e</load_address>
         <run_address>0x18d9e</run_address>
         <size>0x2c</size>
         <input_file_ref idref="fl-84"/>
      </object_component>
      <object_component id="oc-af0">
         <name>.text:fann_get_MSE</name>
         <load_address>0x18dca</load_address>
         <run_address>0x18dca</run_address>
         <size>0x2c</size>
         <input_file_ref idref="fl-8"/>
      </object_component>
      <object_component id="oc-926">
         <name>.text</name>
         <load_address>0x18df6</load_address>
         <run_address>0x18df6</run_address>
         <size>0x2c</size>
         <input_file_ref idref="fl-67"/>
      </object_component>
      <object_component id="oc-b9e">
         <name>.text:__mspabi_fixdi</name>
         <load_address>0x18e22</load_address>
         <run_address>0x18e22</run_address>
         <size>0x28</size>
         <input_file_ref idref="fl-8b"/>
      </object_component>
      <object_component id="oc-6cb">
         <name>.text:decompress:ZI:__TI_zero_init_nomemset:__TI_zero_init_nomemset</name>
         <load_address>0x18e4a</load_address>
         <run_address>0x18e4a</run_address>
         <size>0x24</size>
         <input_file_ref idref="fl-5b"/>
      </object_component>
      <object_component id="oc-777">
         <name>.text:resume_program</name>
         <load_address>0x18e6e</load_address>
         <run_address>0x18e6e</run_address>
         <size>0x24</size>
         <input_file_ref idref="fl-b9"/>
      </object_component>
      <object_component id="oc-921">
         <name>.text</name>
         <load_address>0x18e92</load_address>
         <run_address>0x18e92</run_address>
         <size>0x24</size>
         <input_file_ref idref="fl-6c"/>
      </object_component>
      <object_component id="oc-8c9">
         <name>.text</name>
         <load_address>0x18eb6</load_address>
         <run_address>0x18eb6</run_address>
         <size>0x24</size>
         <input_file_ref idref="fl-74"/>
      </object_component>
      <object_component id="oc-7d1">
         <name>.text:set_smclk_to_1_MHz</name>
         <load_address>0x18eda</load_address>
         <run_address>0x18eda</run_address>
         <size>0x24</size>
         <input_file_ref idref="fl-2"/>
      </object_component>
      <object_component id="oc-76e">
         <name>.text:tester_notify_start</name>
         <load_address>0x18efe</load_address>
         <run_address>0x18efe</run_address>
         <size>0x24</size>
         <input_file_ref idref="fl-2"/>
      </object_component>
      <object_component id="oc-a06">
         <name>.text:memccpy</name>
         <load_address>0x18f22</load_address>
         <run_address>0x18f22</run_address>
         <size>0x1e</size>
         <input_file_ref idref="fl-b5"/>
      </object_component>
      <object_component id="oc-878">
         <name>.text:profiler_start</name>
         <load_address>0x18f40</load_address>
         <run_address>0x18f40</run_address>
         <size>0x1c</size>
         <input_file_ref idref="fl-51"/>
      </object_component>
      <object_component id="oc-c45">
         <name>.text:strchr</name>
         <load_address>0x18f5c</load_address>
         <run_address>0x18f5c</run_address>
         <size>0x1c</size>
         <input_file_ref idref="fl-c3"/>
      </object_component>
      <object_component id="oc-d5a">
         <name>.text:strcmp</name>
         <load_address>0x18f78</load_address>
         <run_address>0x18f78</run_address>
         <size>0x1c</size>
         <input_file_ref idref="fl-c4"/>
      </object_component>
      <object_component id="oc-86c">
         <name>.text</name>
         <load_address>0x18f94</load_address>
         <run_address>0x18f94</run_address>
         <size>0x18</size>
         <input_file_ref idref="fl-72"/>
      </object_component>
      <object_component id="oc-9d4">
         <name>.text:memchr</name>
         <load_address>0x18fac</load_address>
         <run_address>0x18fac</run_address>
         <size>0x16</size>
         <input_file_ref idref="fl-b6"/>
      </object_component>
      <object_component id="oc-9f2">
         <name>.text:memset</name>
         <load_address>0x18fc2</load_address>
         <run_address>0x18fc2</run_address>
         <size>0x16</size>
         <input_file_ref idref="fl-b7"/>
      </object_component>
      <object_component id="oc-9c2">
         <name>.text</name>
         <load_address>0x18fd8</load_address>
         <run_address>0x18fd8</run_address>
         <size>0x16</size>
         <input_file_ref idref="fl-68"/>
      </object_component>
      <object_component id="oc-6ad">
         <name>.text:memcpy</name>
         <load_address>0x18fee</load_address>
         <run_address>0x18fee</run_address>
         <size>0x14</size>
         <input_file_ref idref="fl-95"/>
      </object_component>
      <object_component id="oc-8a">
         <name>.text:decompress:none:__TI_decompress_none</name>
         <load_address>0x19002</load_address>
         <run_address>0x19002</run_address>
         <size>0x12</size>
         <input_file_ref idref="fl-35"/>
      </object_component>
      <object_component id="oc-8a2">
         <name>.text:fann_reset_MSE</name>
         <load_address>0x19014</load_address>
         <run_address>0x19014</run_address>
         <size>0x12</size>
[...]
      </symbol>
      <symbol id="sm-b23">
         <name>__mspabi_sral_6</name>
         <value>0x18920</value>
         <object_component_ref idref="oc-8d1"/>
      </symbol>
      <symbol id="sm-b24">
         <name>__mspabi_sral_7</name>
         <value>0x1891c</value>
         <object_component_ref idref="oc-8d1"/>
      </symbol>
      <symbol id="sm-b25">
         <name>__mspabi_sral_4</name>
         <value>0x18928</value>
         <object_component_ref idref="oc-8d1"/>
      </symbol>
      <symbol id="sm-b26">
         <name>__mspabi_sral_5</name>
         <value>0x18924</value>
         <object_component_ref idref="oc-8d1"/>
      </symbol>
      <symbol id="sm-b27">
         <name>__mspabi_sral_2</name>
         <value>0x18930</value>
         <object_component_ref idref="oc-8d1"/>
      </symbol>
      <symbol id="sm-b28">
         <name>__mspabi_sral_3</name>
         <value>0x1892c</value>
         <object_component_ref idref="oc-8d1"/>
      </symbol>
      <symbol id="sm-b29">
         <name>__mspabi_sral_1</name>
         <value>0x18934</value>
         <object_component_ref idref="oc-8d1"/>
      </symbol>
      <symbol id="sm-b39">
         <name>__mspabi_srll_8</name>
         <value>0x18994</value>
         <object_component_ref idref="oc-c52"/>
      </symbol>
      <symbol id="sm-b3a">
         <name>__mspabi_srll_9</name>
         <value>0x18990</value>
         <object_component_ref idref="oc-c52"/>
      </symbol>
      <symbol id="sm-b3b">
         <name>__mspabi_srll_6</name>
         <value>0x1899c</value>
         <object_component_ref idref="oc-c52"/>
      </symbol>
      <symbol id="sm-b3c">
         <name>__mspabi_srll_7</name>
         <value>0x18998</value>
         <object_component_ref idref="oc-c52"/>
      </symbol>
      <symbol id="sm-b3d">
         <name>__mspabi_srll_4</name>
         <value>0x189a4</value>
         <object_component_ref idref="oc-c52"/>
      </symbol>
      <symbol id="sm-b3e">
         <name>__mspabi_srll_5</name>
         <value>0x189a0</value>
         <object_component_ref idref="oc-c52"/>
      </symbol>
      <symbol id="sm-b3f">
         <name>__mspabi_srll_2</name>
         <value>0x189ac</value>
         <object_component_ref idref="oc-c52"/>
      </symbol>
      <symbol id="sm-b40">
         <name>__mspabi_srll_3</name>
         <value>0x189a8</value>
         <object_component_ref idref="oc-c52"/>
      </symbol>
      <symbol id="sm-b41">
         <name>__mspabi_srll_1</name>
         <value>0x189b0</value>
         <object_component_ref idref="oc-c52"/>
      </symbol>
      <symbol id="sm-b42">
         <name>__mspabi_srll_15</name>
         <value>0x18978</value>
         <object_component_ref idref="oc-c52"/>
      </symbol>
      <symbol id="sm-b43">
         <name>__mspabi_srll_14</name>
         <value>0x1897c</value>
         <object_component_ref idref="oc-c52"/>
      </symbol>
      <symbol id="sm-b44">
         <name>__mspabi_srll_13</name>
         <value>0x18980</value>
         <object_component_ref idref="oc-c52"/>
      </symbol>
      <symbol id="sm-b45">
         <name>__mspabi_srll_12</name>
         <value>0x18984</value>
         <object_component_ref idref="oc-c52"/>
      </symbol>
      <symbol id="sm-b46">
         <name>__mspabi_srll_11</name>
         <value>0x18988</value>
         <object_component_ref idref="oc-c52"/>
      </symbol>
      <symbol id="sm-b47">
         <name>__mspabi_srll_10</name>
         <value>0x1898c</value>
         <object_component_ref idref="oc-c52"/>
      </symbol>
      <symbol id="sm-b48">
         <name>__mspabi_srll</name>
         <value>0x1906a</value>
         <object_component_ref idref="oc-c1d"/>
      </symbol>
      <symbol id="sm-b55">
         <name>__mspabi_srlll</name>
         <value>0x18aa8</value>
         <object_component_ref idref="oc-b36"/>
      </symbol>
      <symbol id="sm-b5e">
         <name>__mspabi_subd</name>
         <value>0x18bf0</value>
         <object_component_ref idref="oc-abd"/>
      </symbol>
      <symbol id="sm-b6e">
         <name>_c_int00_noargs_mpu</name>
         <value>0xac00</value>
         <object_component_ref idref="oc-6f5"/>
      </symbol>
      <symbol id="sm-b6f">
         <name>_stack</name>
         <value>0x2b60</value>
         <object_component_ref idref="oc-69b"/>
      </symbol>
      <symbol id="sm-b70">
         <name>_reset_vector</name>
         <value>0xfffe</value>
         <object_component_ref idref="oc-69e"/>
      </symbol>
      <symbol id="sm-b79">
         <name>__mpu_init</name>
         <value>0x18d72</value>
         <object_component_ref idref="oc-746"/>
      </symbol>
      <symbol id="sm-b98">
         <name>__TI_auto_init_nobinit_nopinit_hold_wdt</name>
         <value>0x18666</value>
         <object_component_ref idref="oc-7a5"/>
      </symbol>
      <symbol id="sm-ba1">
         <name>_system_post_cinit</name>
         <value>0x190da</value>
         <object_component_ref idref="oc-7fb"/>
      </symbol>
      <symbol id="sm-baa">
         <name>_system_pre_init</name>
         <value>0x190d4</value>
         <object_component_ref idref="oc-72e"/>
      </symbol>
      <symbol id="sm-c1d">
         <name>_sys_memory</name>
         <value>0x9f00</value>
         <object_component_ref idref="oc-69f"/>
      </symbol>
      <symbol id="sm-c1e">
         <name>free</name>
         <value>0x17b8e</value>
         <object_component_ref idref="oc-9ad"/>
      </symbol>
      <symbol id="sm-c1f">
         <name>realloc</name>
         <value>0x16aa2</value>
         <object_component_ref idref="oc-907"/>
      </symbol>
      <symbol id="sm-c20">
         <name>calloc</name>
         <value>0x18d9e</value>
         <object_component_ref idref="oc-9a7"/>
      </symbol>
      <symbol id="sm-c21">
         <name>malloc</name>
         <value>0x17408</value>
         <object_component_ref idref="oc-99e"/>
      </symbol>
      <symbol id="sm-c22">
         <name>minit</name>
         <value>0x1887a</value>
         <object_component_ref idref="oc-a3a"/>
      </symbol>
      <symbol id="sm-c38">
         <name>_nop</name>
         <value>0x190d8</value>
         <object_component_ref idref="oc-84d"/>
      </symbol>
      <symbol id="sm-c39">
         <name>_lock</name>
         <value>0x2498</value>
         <object_component_ref idref="oc-7ed"/>
      </symbol>
      <symbol id="sm-c3a">
         <name>_unlock</name>
         <value>0x249c</value>
         <object_component_ref idref="oc-7f6"/>
      </symbol>
      <symbol id="sm-c93">
         <name>cosl</name>
         <value>0x124a6</value>
         <object_component_ref idref="oc-adb"/>
      </symbol>
      <symbol id="sm-c94">
         <name>cos</name>
         <value>0x124a6</value>
         <object_component_ref idref="oc-adb"/>
      </symbol>
      <symbol id="sm-ca3">
         <name>__kernel_cos</name>
         <value>0x1528a</value>
         <object_component_ref idref="oc-bb6"/>
      </symbol>
      <symbol id="sm-d2c">
         <name>__kernel_rem_pio2</name>
         <value>0x10e18</value>
         <object_component_ref idref="oc-bb0"/>
      </symbol>
      <symbol id="sm-d3f">
         <name>__kernel_sin</name>
         <value>0x143c6</value>
         <object_component_ref idref="oc-bbc"/>
      </symbol>
      <symbol id="sm-d4c">
         <name>__mspabi_fixdi</name>
         <value>0x18e22</value>
         <object_component_ref idref="oc-b9e"/>
      </symbol>
      <symbol id="sm-d5b">
         <name>__mspabi_fixdli</name>
         <value>0x18372</value>
         <object_component_ref idref="oc-ba4"/>
      </symbol>
      <symbol id="sm-d73">
         <name>__mspabi_fltlid</name>
         <value>0x1777a</value>
         <object_component_ref idref="oc-baa"/>
      </symbol>
      <symbol id="sm-d7c">
         <name>__mspabi_negd</name>
         <value>0x18ce8</value>
         <object_component_ref idref="oc-a87"/>
      </symbol>
      <symbol id="sm-d99">
         <name>C$$EXIT</name>
         <value>0x190c4</value>
         <object_component_ref idref="oc-781"/>
      </symbol>
      <symbol id="sm-d9a">
         <name>abort</name>
         <value>0x190c4</value>
         <object_component_ref idref="oc-781"/>
      </symbol>
      <symbol id="sm-d9b">
         <name>__TI_enable_exit_profile_output</name>
         <value>0x24ac</value>
         <object_component_ref idref="oc-7ea"/>
      </symbol>
      <symbol id="sm-d9c">
         <name>exit</name>
         <value>0x18756</value>
         <object_component_ref idref="oc-787"/>
      </symbol>
      <symbol id="sm-dab">
         <name>__TI_dtors_ptr</name>
         <value>0x2490</value>
         <object_component_ref idref="oc-7f0"/>
      </symbol>
      <symbol id="sm-dac">
         <name>__TI_cleanup_ptr</name>
         <value>0x248c</value>
         <object_component_ref idref="oc-7f3"/>
      </symbol>
      <symbol id="sm-ded">
         <name>expl</name>
         <value>0x12d78</value>
         <object_component_ref idref="oc-ae7"/>
      </symbol>
      <symbol id="sm-dee">
         <name>exp</name>
         <value>0x12d78</value>
         <object_component_ref idref="oc-ae7"/>
      </symbol>
      <symbol id="sm-df5">
         <name>errno</name>
         <value>0x24aa</value>
         <object_component_ref idref="oc-bcb"/>
      </symbol>
      <symbol id="sm-e15">
         <name>floorl</name>
         <value>0x1632a</value>
         <object_component_ref idref="oc-c80"/>
      </symbol>
      <symbol id="sm-e16">
         <name>floor</name>
         <value>0x1632a</value>
         <object_component_ref idref="oc-c80"/>
      </symbol>
      <symbol id="sm-e1f">
         <name>__mspabi_slli</name>
         <value>0x190b4</value>
         <object_component_ref idref="oc-cfb"/>
      </symbol>
      <symbol id="sm-e2d">
         <name>memcpy</name>
         <value>0x18fee</value>
         <object_component_ref idref="oc-6ad"/>
      </symbol>
      <symbol id="sm-e52">
         <name>printf</name>
         <value>0x187a0</value>
         <object_component_ref idref="oc-89c"/>
      </symbol>
      <symbol id="sm-1005">
         <name>__TI_printfi</name>
         <value>0x148f6</value>
         <object_component_ref idref="oc-8eb"/>
      </symbol>
      <symbol id="sm-1038">
         <name>__mspabi_divull</name>
         <value>0x13aa6</value>
         <object_component_ref idref="oc-b30"/>
      </symbol>
      <symbol id="sm-1041">
         <name>__mspabi_fltid</name>
         <value>0x19088</value>
         <object_component_ref idref="oc-c4b"/>
      </symbol>
      <symbol id="sm-104e">
         <name>__mspabi_sllll</name>
         <value>0x18a6e</value>
         <object_component_ref idref="oc-c17"/>
      </symbol>
      <symbol id="sm-105e">
         <name>__TI_tmpnams</name>
         <value>0x2594</value>
      </symbol>
      <symbol id="sm-105f">
         <name>_ftable</name>
         <value>0x2310</value>
         <object_component_ref idref="oc-8dc"/>
      </symbol>
      <symbol id="sm-1060">
         <name>__TI_ft_end</name>
         <value>0x24a8</value>
         <object_component_ref idref="oc-be3"/>
      </symbol>
      <symbol id="sm-106a">
         <name>abs</name>
         <value>0x190a0</value>
         <object_component_ref idref="oc-c2e"/>
      </symbol>
      <symbol id="sm-107d">
         <name>atoi</name>
         <value>0x1843c</value>
         <object_component_ref idref="oc-9ec"/>
      </symbol>
      <symbol id="sm-1087">
         <name>_ctypes_</name>
         <value>0xad50</value>
         <object_component_ref idref="oc-a68"/>
      </symbol>
      <symbol id="sm-109a">
         <name>putc</name>
         <value>0x17a6e</value>
         <object_component_ref idref="oc-94a"/>
      </symbol>
      <symbol id="sm-109b">
         <name>fputc</name>
         <value>0x17a6e</value>
         <object_component_ref idref="oc-94a"/>
      </symbol>
      <symbol id="sm-10ac">
         <name>__TI_doflush</name>
         <value>0x183d8</value>
         <object_component_ref idref="oc-9da"/>
      </symbol>
      <symbol id="sm-10c4">
         <name>__TI_wrt_ok</name>
         <value>0x17da8</value>
         <object_component_ref idref="oc-9ce"/>
      </symbol>
      <symbol id="sm-10dc">
         <name>fputs</name>
         <value>0x17162</value>
         <object_component_ref idref="oc-943"/>
      </symbol>
      <symbol id="sm-10ee">
         <name>frexpl</name>
         <value>0x176d4</value>
         <object_component_ref idref="oc-b66"/>
      </symbol>
      <symbol id="sm-10ef">
         <name>frexp</name>
         <value>0x176d4</value>
         <object_component_ref idref="oc-b66"/>
      </symbol>
      <symbol id="sm-1104">
         <name>fseek</name>
         <value>0x1823a</value>
         <object_component_ref idref="oc-a4b"/>
      </symbol>
      <symbol id="sm-111d">
         <name>scalbn</name>
         <value>0x16800</value>
         <object_component_ref idref="oc-c3f"/>
      </symbol>
      <symbol id="sm-111e">
         <name>scalbnl</name>
         <value>0x16800</value>
         <object_component_ref idref="oc-c3f"/>
      </symbol>
      <symbol id="sm-111f">
         <name>ldexpl</name>
         <value>0x16800</value>
         <object_component_ref idref="oc-c3f"/>
      </symbol>
      <symbol id="sm-1120">
         <name>ldexp</name>
         <value>0x16800</value>
         <object_component_ref idref="oc-c3f"/>
      </symbol>
      <symbol id="sm-1129">
         <name>copysign</name>
         <value>0x18d16</value>
         <object_component_ref idref="oc-cdf"/>
      </symbol>
      <symbol id="sm-112a">
         <name>copysignl</name>
         <value>0x18d16</value>
         <object_component_ref idref="oc-cdf"/>
      </symbol>
      <symbol id="sm-113d">
         <name>lseek</name>
         <value>0x189b6</value>
         <object_component_ref idref="oc-afc"/>
      </symbol>
      <symbol id="sm-1155">
         <name>_stream</name>
         <value>0x2450</value>
         <object_component_ref idref="oc-a5d"/>
      </symbol>
      <symbol id="sm-1156">
         <name>_device</name>
         <value>0x23d8</value>
         <object_component_ref idref="oc-b17"/>
      </symbol>
      <symbol id="sm-1157">
         <name>write</name>
         <value>0x18a32</value>
         <object_component_ref idref="oc-9e0"/>
      </symbol>
      <symbol id="sm-1163">
         <name>HOSTclose</name>
         <value>0x186ba</value>
         <object_component_ref idref="oc-bef"/>
      </symbol>
      <symbol id="sm-116f">
         <name>HOSTlseek</name>
         <value>0x178b4</value>
         <object_component_ref idref="oc-c01"/>
      </symbol>
      <symbol id="sm-117d">
         <name>parmbuf</name>
         <value>0x263e</value>
      </symbol>
      <symbol id="sm-117e">
         <name>HOSTopen</name>
         <value>0x180f4</value>
         <object_component_ref idref="oc-be9"/>
      </symbol>
      <symbol id="sm-118b">
         <name>HOSTread</name>
         <value>0x181d0</value>
         <object_component_ref idref="oc-bf5"/>
      </symbol>
      <symbol id="sm-1197">
         <name>HOSTrename</name>
         <value>0x1800c</value>
         <object_component_ref idref="oc-c0d"/>
      </symbol>
      <symbol id="sm-11a3">
         <name>HOSTunlink</name>
         <value>0x18834</value>
         <object_component_ref idref="oc-c07"/>
      </symbol>
      <symbol id="sm-11b0">
         <name>HOSTwrite</name>
         <value>0x18164</value>
         <object_component_ref idref="oc-bfb"/>
      </symbol>
      <symbol id="sm-11ce">
         <name>__TI_readmsg</name>
         <value>0x18bbe</value>
         <object_component_ref idref="oc-cb8"/>
      </symbol>
      <symbol id="sm-11cf">
         <name>C$$IO$$</name>
         <value>0x18b84</value>
         <object_component_ref idref="oc-cb2"/>
      </symbol>
      <symbol id="sm-11d0">
         <name>_CIOBUF_</name>
         <value>0x9de0</value>
         <object_component_ref idref="oc-d1a"/>
      </symbol>
      <symbol id="sm-11d1">
         <name>__TI_writemsg</name>
         <value>0x18b52</value>
         <object_component_ref idref="oc-cb2"/>
      </symbol>
      <symbol id="sm-11e0">
         <name>ltoa</name>
         <value>0x17ca8</value>
         <object_component_ref idref="oc-c27"/>
      </symbol>
      <symbol id="sm-11ec">
         <name>__mspabi_remli</name>
         <value>0x188bc</value>
         <object_component_ref idref="oc-cd5"/>
      </symbol>
      <symbol id="sm-11ed">
         <name>__mspabi_divli</name>
         <value>0x188bc</value>
         <object_component_ref idref="oc-cd5"/>
      </symbol>
      <symbol id="sm-11fc">
         <name>memccpy</name>
         <value>0x18f22</value>
         <object_component_ref idref="oc-a06"/>
      </symbol>
      <symbol id="sm-120b">
         <name>memchr</name>
         <value>0x18fac</value>
         <object_component_ref idref="oc-9d4"/>
      </symbol>
      <symbol id="sm-1219">
         <name>memset</name>
         <value>0x18fc2</value>
         <object_component_ref idref="oc-9f2"/>
      </symbol>
      <symbol id="sm-1233">
         <name>resume_program</name>
         <value>0x18e6e</value>
         <object_component_ref idref="oc-777"/>
      </symbol>
      <symbol id="sm-1234">
         <name>start_task</name>
         <value>0x19094</value>
         <object_component_ref idref="oc-8ab"/>
      </symbol>
      <symbol id="sm-124c">
         <name>setvbuf</name>
         <value>0x17252</value>
         <object_component_ref idref="oc-a51"/>
      </symbol>
      <symbol id="sm-1258">
         <name>__TI_cleanup</name>
         <value>0x18b1c</value>
         <object_component_ref idref="oc-b04"/>
      </symbol>
      <symbol id="sm-1269">
         <name>__TI_closefile</name>
         <value>0x18080</value>
         <object_component_ref idref="oc-bdd"/>
      </symbol>
      <symbol id="sm-127b">
         <name>close</name>
         <value>0x1855a</value>
         <object_component_ref idref="oc-c9e"/>
      </symbol>
      <symbol id="sm-129b">
         <name>finddevice</name>
         <value>0x18d44</value>
         <object_component_ref idref="oc-d43"/>
      </symbol>
      <symbol id="sm-129c">
         <name>getdevice</name>
         <value>0x185b4</value>
         <object_component_ref idref="oc-d0e"/>
      </symbol>
      <symbol id="sm-12f0">
         <name>sin</name>
         <value>0x11bce</value>
         <object_component_ref idref="oc-ae1"/>
      </symbol>
      <symbol id="sm-12f1">
         <name>sinl</name>
         <value>0x11bce</value>
         <object_component_ref idref="oc-ae1"/>
      </symbol>
      <symbol id="sm-1301">
         <name>strchr</name>
         <value>0x18f5c</value>
         <object_component_ref idref="oc-c45"/>
      </symbol>
      <symbol id="sm-130f">
         <name>strcmp</name>
         <value>0x18f78</value>
         <object_component_ref idref="oc-d5a"/>
      </symbol>
      <symbol id="sm-131c">
         <name>strcpy</name>
         <value>0x19026</value>
         <object_component_ref idref="oc-cc9"/>
      </symbol>
      <symbol id="sm-1329">
         <name>strlen</name>
         <value>0x1907a</value>
         <object_component_ref idref="oc-951"/>
      </symbol>
      <symbol id="sm-1339">
         <name>strncpy</name>
         <value>0x18c86</value>
         <object_component_ref idref="oc-d3d"/>
      </symbol>
      <symbol id="sm-1346">
         <name>toupper</name>
         <value>0x19038</value>
         <object_component_ref idref="oc-a81"/>
      </symbol>
      <symbol id="sm-1352">
         <name>unlink</name>
         <value>0x18cb8</value>
         <object_component_ref idref="oc-ca5"/>
      </symbol>
      <symbol id="sm-1357">
         <name>remove</name>
         <value>0x18cb8</value>
      </symbol>
   </symbol_table>
   <title>Link successful</title>
</link_info>
