******************************************************************************
                  MSP430 Linker Unix v17.9.0                   
******************************************************************************
>> Linked Fri Nov 10 10:42:01 2017

OUTPUT FILE NAME:   <msp430-thyroid.out>
ENTRY POINT SYMBOL: "_c_int00_noargs_mpu"  address: 0000ac00


MEMORY CONFIGURATION

         name            origin    length      used     unused   attr    fill
----------------------  --------  ---------  --------  --------  ----  --------
  TINYRAM               0000000a   00000016  00000000  00000016  RWIX
  BSL                   00001000   00000800  00000000  00000800  RWIX
  INFOD                 00001800   00000080  00000000  00000080  RWIX
  INFOC                 00001880   00000080  00000000  00000080  RWIX
  INFOB                 00001900   00000080  00000000  00000080  RWIX
  INFOA                 00001980   00000080  00000000  00000080  RWIX
  RAM                   00001c00   00001000  00000af0  00000510  RWIX
  LEARAM                00002c00   00000ec8  00000000  00000ec8  RWIX
  LEASTACK              00003ac8   00000138  00000000  00000138  RWIX
  FRAM                  00004000   0000bf80  000075c1  000049bf  RWIX
  JTAGSIGNATURE         0000ff80   00000004  00000004  00000000  RWIX  ffff 
  BSLSIGNATURE          0000ff84   00000004  00000004  00000000  RWIX  ffff 
  IPESIGNATURE          0000ff88   00000008  00000008  00000000  RWIX  ffff 
  INT00                 0000ff90   00000002  00000000  00000002  RWIX
  INT01                 0000ff92   00000002  00000000  00000002  RWIX
  INT02                 0000ff94   00000002  00000000  00000002  RWIX
  INT03                 0000ff96   00000002  00000000  00000002  RWIX
  INT04                 0000ff98   00000002  00000000  00000002  RWIX
  INT05                 0000ff9a   00000002  00000000  00000002  RWIX
  INT06                 0000ff9c   00000002  00000000  00000002  RWIX
  INT07                 0000ff9e   00000002  00000000  00000002  RWIX
  INT08                 0000ffa0   00000002  00000000  00000002  RWIX
  INT09                 0000ffa2   00000002  00000000  00000002  RWIX
  INT10                 0000ffa4   00000002  00000000  00000002  RWIX
  INT11                 0000ffa6   00000002  00000000  00000002  RWIX
  INT12                 0000ffa8   00000002  00000000  00000002  RWIX
  INT13                 0000ffaa   00000002  00000000  00000002  RWIX
  INT14                 0000ffac   00000002  00000000  00000002  RWIX
  INT15                 0000ffae   00000002  00000000  00000002  RWIX
  INT16                 0000ffb0   00000002  00000000  00000002  RWIX
  INT17                 0000ffb2   00000002  00000000  00000002  RWIX
  INT18                 0000ffb4   00000002  00000002  00000000  RWIX
  INT19                 0000ffb6   00000002  00000002  00000000  RWIX
  INT20                 0000ffb8   00000002  00000002  00000000  RWIX
  INT21                 0000ffba   00000002  00000002  00000000  RWIX
  INT22                 0000ffbc   00000002  00000002  00000000  RWIX
  INT23                 0000ffbe   00000002  00000002  00000000  RWIX
  INT24                 0000ffc0   00000002  00000002  00000000  RWIX
  INT25                 0000ffc2   00000002  00000002  00000000  RWIX
  INT26                 0000ffc4   00000002  00000002  00000000  RWIX
  INT27                 0000ffc6   00000002  00000002  00000000  RWIX
  INT28                 0000ffc8   00000002  00000002  00000000  RWIX
  INT29                 0000ffca   00000002  00000002  00000000  RWIX
  INT30                 0000ffcc   00000002  00000002  00000000  RWIX
  INT31                 0000ffce   00000002  00000002  00000000  RWIX
  INT32                 0000ffd0   00000002  00000002  00000000  RWIX
  INT33                 0000ffd2   00000002  00000002  00000000  RWIX
  INT34                 0000ffd4   00000002  00000002  00000000  RWIX
  INT35                 0000ffd6   00000002  00000002  00000000  RWIX
  INT36                 0000ffd8   00000002  00000002  00000000  RWIX
  INT37                 0000ffda   00000002  00000002  00000000  RWIX
  INT38                 0000ffdc   00000002  00000002  00000000  RWIX
  INT39                 0000ffde   00000002  00000002  00000000  RWIX
  INT40                 0000ffe0   00000002  00000002  00000000  RWIX
  INT41                 0000ffe2   00000002  00000002  00000000  RWIX
  INT42                 0000ffe4   00000002  00000002  00000000  RWIX
  INT43                 0000ffe6   00000002  00000002  00000000  RWIX
  INT44                 0000ffe8   00000002  00000002  00000000  RWIX
  INT45                 0000ffea   00000002  00000002  00000000  RWIX
  INT46                 0000ffec   00000002  00000002  00000000  RWIX
  INT47                 0000ffee   00000002  00000002  00000000  RWIX
  INT48                 0000fff0   00000002  00000002  00000000  RWIX
  INT49                 0000fff2   00000002  00000002  00000000  RWIX
  INT50                 0000fff4   00000002  00000002  00000000  RWIX
  INT51                 0000fff6   00000002  00000002  00000000  RWIX
  INT52                 0000fff8   00000002  00000002  00000000  RWIX
  INT53                 0000fffa   00000002  00000002  00000000  RWIX
  INT54                 0000fffc   00000002  00000002  00000000  RWIX
  RESET                 0000fffe   00000002  00000002  00000000  RWIX
  FRAM2                 00010000   00034000  000090dc  0002af24  RWIX


SECTION ALLOCATION MAP

 output                                  attributes/
section   page    origin      length       input sections
--------  ----  ----------  ----------   ----------------
.data      0    00001c00    000008b0     UNINITIALIZED
                  00001c00    00000400     fann_io.obj (.data:connections)
                  00002000    00000190     main.obj (.data:noise_3)
                  00002190    00000180     fann_io.obj (.data:neurons)
                  00002310    000000c8     rts430x_lc_rd_eabi.lib : defs.obj (.data:_ftable)
                  000023d8    00000078                            : write.obj (.data:_device)
                  00002450    0000003c                            : write.obj (.data:_stream)
                  0000248c    00000004                            : exit_gvars.obj (.data:__TI_cleanup_ptr)
                  00002490    00000004                            : exit_gvars.obj (.data:__TI_dtors_ptr)
                  00002494    00000004     main.obj (.data:__prog_state)
                  00002498    00000004     rts430x_lc_rd_eabi.lib : _lock.obj (.data:_lock)
                  0000249c    00000004                            : _lock.obj (.data:_unlock)
                  000024a0    00000004     fann_error.obj (.data)
                  000024a4    00000003     main.obj (.data)
                  000024a7    00000001     --HOLE--
                  000024a8    00000002     rts430x_lc_rd_eabi.lib : defs.obj (.data)
                  000024aa    00000002                            : errno.obj (.data)
                  000024ac    00000002                            : exit.obj (.data)
                  000024ae    00000002                            : memory.obj (.data)

.TI.persistent 
*          0    00004000    00005ddf     
                  00004000    00005208     main.obj (.TI.persistent:input)
                  00009208    00000bb8     main.obj (.TI.persistent:output)
                  00009dc0    00000008     main.obj (.TI.persistent:TASK_END_PROGRAM)
                  00009dc8    00000008     main.obj (.TI.persistent:TASK_INIT_FANN)
                  00009dd0    00000008     main.obj (.TI.persistent:TASK_ITERATE)
                  00009dd8    00000004     libtester.obj (.TI.persistent)
                  00009ddc    00000003     main.obj (.TI.persistent)

.binit     0    00004000    00000000     

.cio       0    00009de0    00000120     UNINITIALIZED
                  00009de0    00000120     rts430x_lc_rd_eabi.lib : trgmsg.obj (.cio)

.sysmem    0    00009f00    000009c4     
                  00009f00    00000006     rts430x_lc_rd_eabi.lib : memory.obj (.sysmem) [fill = 0]
                  00009f06    000009be     --HOLE-- [fill = 0]

.ipestruct 
*          0    0000ac00    00000000     UNINITIALIZED

.ipe       0    0000ac00    00000000     UNINITIALIZED

.ipe_const 
*          0    0000ac00    00000000     UNINITIALIZED

.ipe:_isr 
*          0    0000ac00    00000000     UNINITIALIZED

.cinit     0    0000afda    000005e8     
                  0000afda    000005c5     (.cinit..data.load) [load image, compression = lzss]
                  0000b59f    00000001     --HOLE-- [fill = 0]
                  0000b5a0    0000000c     (__TI_handler_table)
                  0000b5ac    00000006     (.cinit..bss.load) [load image, compression = zero_init]
                  0000b5b2    00000010     (__TI_cinit_table)

.init_array 
*          0    00004000    00000000     UNINITIALIZED

.text:_isr 
*          0    0000ac00    00000048     
                  0000ac00    00000020     rts430x_lc_rd_eabi.lib : boot.obj (.text:_isr:_c_int00_noargs_mpu)
                  0000ac20    00000012     libprofiler.lib : main.obj (.text:_isr:TIMER0_A1_ISR)
                  0000ac32    0000000e     libtester.obj (.text:_isr:Timer0_A0_ISR)
                  0000ac40    00000008     rts430x_lc_rd_eabi.lib : isr_trap.obj (.text:_isr:__TI_ISR_TRAP)

.bss       0    000024b0    000001a0     UNINITIALIZED
                  000024b0    000000e4     (.common:ann)
                  00002594    000000a0     (.common:__TI_tmpnams)
                  00002634    0000000a     rts430x_lc_rd_eabi.lib : memory.obj (.bss)
                  0000263e    00000008     (.common:parmbuf)
                  00002646    00000004     (.common:calc_out)
                  0000264a    00000004     (.common:cycle_count)
                  0000264e    00000002     (.common:sr)

.stack     0    00002b60    000000a0     UNINITIALIZED
                  00002b60    00000004     rts430x_lc_rd_eabi.lib : boot.obj (.stack)
                  00002b64    0000009c     --HOLE--

$fill000   0    0000ff80    00000004     
                  0000ff80    00000004     --HOLE-- [fill = ffff]

$fill001   0    0000ff84    00000004     
                  0000ff84    00000004     --HOLE-- [fill = ffff]

$fill002   0    0000ff88    00000008     
                  0000ff88    00000008     --HOLE-- [fill = ffff]

LEA        0    0000ffb4    00000002     
                  0000ffb4    00000002     rts430x_lc_rd_eabi.lib : int18.obj (.int18)

PORT8      0    0000ffb6    00000002     
                  0000ffb6    00000002     rts430x_lc_rd_eabi.lib : int19.obj (.int19)

PORT7      0    0000ffb8    00000002     
                  0000ffb8    00000002     rts430x_lc_rd_eabi.lib : int20.obj (.int20)

EUSCI_B3   0    0000ffba    00000002     
                  0000ffba    00000002     rts430x_lc_rd_eabi.lib : int21.obj (.int21)

EUSCI_B2   0    0000ffbc    00000002     
                  0000ffbc    00000002     rts430x_lc_rd_eabi.lib : int22.obj (.int22)

EUSCI_B1   0    0000ffbe    00000002     
                  0000ffbe    00000002     rts430x_lc_rd_eabi.lib : int23.obj (.int23)

EUSCI_A3   0    0000ffc0    00000002     
                  0000ffc0    00000002     rts430x_lc_rd_eabi.lib : int24.obj (.int24)

EUSCI_A2   0    0000ffc2    00000002     
                  0000ffc2    00000002     rts430x_lc_rd_eabi.lib : int25.obj (.int25)

PORT6      0    0000ffc4    00000002     
                  0000ffc4    00000002     rts430x_lc_rd_eabi.lib : int26.obj (.int26)

PORT5      0    0000ffc6    00000002     
                  0000ffc6    00000002     rts430x_lc_rd_eabi.lib : int27.obj (.int27)

TIMER4_A1 
*          0    0000ffc8    00000002     
                  0000ffc8    00000002     rts430x_lc_rd_eabi.lib : int28.obj (.int28)

TIMER4_A0 
*          0    0000ffca    00000002     
                  0000ffca    00000002     rts430x_lc_rd_eabi.lib : int29.obj (.int29)

AES256     0    0000ffcc    00000002     
                  0000ffcc    00000002     rts430x_lc_rd_eabi.lib : int30.obj (.int30)

RTC_C      0    0000ffce    00000002     
                  0000ffce    00000002     rts430x_lc_rd_eabi.lib : int31.obj (.int31)

PORT4      0    0000ffd0    00000002     
                  0000ffd0    00000002     rts430x_lc_rd_eabi.lib : int32.obj (.int32)

PORT3      0    0000ffd2    00000002     
                  0000ffd2    00000002     rts430x_lc_rd_eabi.lib : int33.obj (.int33)

TIMER3_A1 
*          0    0000ffd4    00000002     
                  0000ffd4    00000002     rts430x_lc_rd_eabi.lib : int34.obj (.int34)

TIMER3_A0 
*          0    0000ffd6    00000002     
                  0000ffd6    00000002     rts430x_lc_rd_eabi.lib : int35.obj (.int35)

PORT2      0    0000ffd8    00000002     
                  0000ffd8    00000002     rts430x_lc_rd_eabi.lib : int36.obj (.int36)

TIMER2_A1 
*          0    0000ffda    00000002     
                  0000ffda    00000002     rts430x_lc_rd_eabi.lib : int37.obj (.int37)

TIMER2_A0 
*          0    0000ffdc    00000002     
                  0000ffdc    00000002     rts430x_lc_rd_eabi.lib : int38.obj (.int38)

PORT1      0    0000ffde    00000002     
                  0000ffde    00000002     rts430x_lc_rd_eabi.lib : int39.obj (.int39)

TIMER1_A1 
*          0    0000ffe0    00000002     
                  0000ffe0    00000002     rts430x_lc_rd_eabi.lib : int40.obj (.int40)

TIMER1_A0 
*          0    0000ffe2    00000002     
                  0000ffe2    00000002     rts430x_lc_rd_eabi.lib : int41.obj (.int41)

DMA        0    0000ffe4    00000002     
                  0000ffe4    00000002     rts430x_lc_rd_eabi.lib : int42.obj (.int42)

EUSCI_A1   0    0000ffe6    00000002     
                  0000ffe6    00000002     rts430x_lc_rd_eabi.lib : int43.obj (.int43)

TIMER0_A1 
*          0    0000ffe8    00000002     
                  0000ffe8    00000002     libprofiler.lib : main.obj (.int44)

TIMER0_A0 
*          0    0000ffea    00000002     
                  0000ffea    00000002     libtester.obj (.int45)

ADC12_B    0    0000ffec    00000002     
                  0000ffec    00000002     rts430x_lc_rd_eabi.lib : int46.obj (.int46)

EUSCI_B0   0    0000ffee    00000002     
                  0000ffee    00000002     rts430x_lc_rd_eabi.lib : int47.obj (.int47)

EUSCI_A0   0    0000fff0    00000002     
                  0000fff0    00000002     rts430x_lc_rd_eabi.lib : int48.obj (.int48)

WDT        0    0000fff2    00000002     
                  0000fff2    00000002     rts430x_lc_rd_eabi.lib : int49.obj (.int49)

TIMER0_B1 
*          0    0000fff4    00000002     
                  0000fff4    00000002     rts430x_lc_rd_eabi.lib : int50.obj (.int50)

TIMER0_B0 
*          0    0000fff6    00000002     
                  0000fff6    00000002     rts430x_lc_rd_eabi.lib : int51.obj (.int51)

COMP_E     0    0000fff8    00000002     
                  0000fff8    00000002     rts430x_lc_rd_eabi.lib : int52.obj (.int52)

UNMI       0    0000fffa    00000002     
                  0000fffa    00000002     rts430x_lc_rd_eabi.lib : int53.obj (.int53)

SYSNMI     0    0000fffc    00000002     
                  0000fffc    00000002     rts430x_lc_rd_eabi.lib : int54.obj (.int54)

.reset     0    0000fffe    00000002     
                  0000fffe    00000002     rts430x_lc_rd_eabi.lib : boot.obj (.reset)

.const     0    0000ac48    00000391     
                  0000ac48    00000108     rts430x_lc_rd_eabi.lib : k_rem_pio2.obj (.const:ipio2)
                  0000ad50    00000101                            : ctype.obj (.const:.string:_ctypes_)
                  0000ae51    00000001     --HOLE-- [fill = 0]
                  0000ae52    000000d4     main.obj (.const:.string)
                  0000af26    00000040     rts430x_lc_rd_eabi.lib : k_rem_pio2.obj (.const:PIo2)
                  0000af66    00000026                            : _printfi.obj (.const:.string)
                  0000af8c    00000010                            : e_exp.obj (.const:halF)
                  0000af9c    00000010                            : e_exp.obj (.const:ln2HI)
                  0000afac    00000010                            : e_exp.obj (.const:ln2LO)
                  0000afbc    0000000a     fann_io.obj (.const:.string:$P$T1$2)
                  0000afc6    00000008     fann_io.obj (.const:$P$T2$3)
                  0000afce    00000008     rts430x_lc_rd_eabi.lib : k_rem_pio2.obj (.const:init_jk)
                  0000afd6    00000003     fann_io.obj (.const:.string:$P$T0$1)

.text      0    00010000    000090dc     
                  00010000    00000e18     fann.obj (.text:fann_run)
                  00010e18    00000db6     rts430x_lc_rd_eabi.lib : k_rem_pio2.obj (.text:__kernel_rem_pio2)
                  00011bce    000008d8                            : s_sin.obj (.text:sin)
                  000124a6    000008d2                            : s_cos.obj (.text:cos)
                  00012d78    00000528                            : e_exp.obj (.text:exp)
                  000132a0    00000466                            : frcdivd.obj (.text:__TI_frcdivd)
                  00013706    000003a0     fann_io.obj (.text:fann_create_msp430)
                  00013aa6    0000034e     rts430x_lc_rd_eabi.lib : div64u.obj (.text:__mspabi_divull)
                  00013df4    000002f2     fann.obj (.text:fann_allocate_structure)
                  000140e6    000002e0     rts430x_lc_rd_eabi.lib : addd.obj (.text:__mspabi_addd)
                  000143c6    000002b0                            : k_sin.obj (.text:__kernel_sin)
                  00014676    00000280                            : frcmpyd.obj (.text:__TI_frcmpyd)
                  000148f6    00000270                            : _printfi.obj (.text:__TI_printfi)
                  00014b66    00000266                            : mpyd.obj (.text:__mspabi_mpyd)
                  00014dcc    00000260                            : _printfi.obj (.text:_pproc_fgea)
                  0001502c    0000025e                            : _printfi.obj (.text:_setfield)
                  0001528a    00000254                            : k_cos.obj (.text:__kernel_cos)
                  000154de    00000248                            : frcaddd.obj (.text:__TI_frcaddd)
                  00015726    00000224                            : _printfi.obj (.text:acvt)
                  0001594a    00000222                            : divd.obj (.text:__mspabi_divd)
                  00015b6c    0000020c                            : _printfi.obj (.text:_getarg_diouxp)
                  00015d78    00000204     fann.obj (.text:fann_destroy)
                  00015f7c    000001e6     rts430x_lc_rd_eabi.lib : _printfi.obj (.text:ecvt)
                  00016162    000001c8                            : _printfi.obj (.text:fcvt)
                  0001632a    000001c4                            : s_floor.obj (.text:floor)
                  000164ee    000001a2                            : _printfi.obj (.text:_pconv_e)
                  00016690    00000170                            : _printfi.obj (.text:_pconv_a)
                  00016800    0000015a                            : s_scalbn.obj (.text:scalbn)
                  0001695a    00000148                            : _printfi.obj (.text:_pproc_diouxp)
                  00016aa2    00000144                            : memory.obj (.text:realloc)
                  00016be6    00000132                            : fs_add.obj (.text)
                  00016d18    0000012c     main.obj (.text:task_iterate)
                  00016e44    00000128     rts430x_lc_rd_eabi.lib : _printfi.obj (.text:_ltostr)
                  00016f6c    000000fc                            : _printfi.obj (.text:_pconv_g)
                  00017068    000000fa                            : _printfi.obj (.text:_pproc_fwp)
                  00017162    000000f0                            : fputs.obj (.text:fputs)
                  00017252    000000de                            : setvbuf.obj (.text:setvbuf)
                  00017330    000000d8                            : cmpd.obj (.text:__mspabi_cmpd)
                  00017408    000000bc                            : memory.obj (.text:malloc)
                  000174c4    000000b8                            : fs_mpy.obj (.text)
                  0001757c    000000b2                            : renormd.obj (.text:__TI_renormd)
                  0001762e    000000a6                            : _printfi.obj (.text:_pproc_str)
                  000176d4    000000a6                            : s_frexp.obj (.text:frexp)
                  0001777a    0000009e                            : fltlid.obj (.text:__mspabi_fltlid)
                  00017818    0000009c     fann_train.obj (.text:fann_update_MSE)
                  000178b4    0000009a     rts430x_lc_rd_eabi.lib : hostlseek.obj (.text:HOSTlseek)
                  0001794e    00000090                            : _printfi.obj (.text:_ecpy)
                  000179de    00000090                            : _printfi.obj (.text:_mcpy)
                  00017a6e    00000090                            : fputc.obj (.text:fputc)
                  00017afe    00000090                            : fs_div.obj (.text)
                  00017b8e    0000008e                            : memory.obj (.text:free)
                  00017c1c    0000008c                            : cvtdf.obj (.text:__mspabi_cvtdf)
                  00017ca8    00000080                            : ltoa.obj (.text:ltoa)
                  00017d28    00000080     main.obj (.text:task_end_program)
                  00017da8    0000007e     rts430x_lc_rd_eabi.lib : _io_perm.obj (.text:__TI_wrt_ok)
                  00017e26    0000007e     main.obj (.text:task_init_fann)
                  00017ea4    0000007a     fann.obj (.text:fann_allocate_neurons)
                  00017f1e    00000078     rts430x_lc_rd_eabi.lib : _printfi.obj (.text:_pconv_f)
                  00017f96    00000076                            : copy_decompress_lzss.obj (.text:decompress:lzss:__TI_decompress_lzss)
                  0001800c    00000074                            : hostrename.obj (.text:HOSTrename)
                  00018080    00000074                            : fclose.obj (.text:__TI_closefile)
                  000180f4    00000070                            : hostopen.obj (.text:HOSTopen)
                  00018164    0000006c                            : hostwrite.obj (.text:HOSTwrite)
                  000181d0    0000006a                            : hostread.obj (.text:HOSTread)
                  0001823a    0000006a                            : fseek.obj (.text:fseek)
                  000182a4    00000068                            : fs_toi.obj (.text)
                  0001830c    00000066                            : cvtfd.obj (.text:__mspabi_cvtfd)
                  00018372    00000066                            : fixdli.obj (.text:__mspabi_fixdli)
                  000183d8    00000064                            : fflush.obj (.text:__TI_doflush)
                  0001843c    00000062                            : atoi.obj (.text:atoi)
                  0001849e    00000060     libtester.obj (.text:tester_autoreset)
                  000184fe    0000005c     fann_train.obj (.text:fann_test)
                  0001855a    0000005a     rts430x_lc_rd_eabi.lib : close.obj (.text:close)
                  000185b4    0000005a                            : getdevice.obj (.text:getdevice)
                  0001860e    00000058                            : div32u.obj (.text)
                  00018666    00000054                            : autoinit.obj (.text:__TI_auto_init_nobinit_nopinit_hold_wdt:__TI_auto_init_nobinit_nopinit_hold_wdt)
                  000186ba    0000004e                            : hostclose.obj (.text:HOSTclose)
                  00018708    0000004e                            : _printfi.obj (.text:_fcpy)
                  00018756    0000004a                            : exit.obj (.text:exit)
                  000187a0    0000004a                            : printf.obj (.text:printf)
                  000187ea    0000004a                            : fs_cmp.obj (.text)
                  00018834    00000046                            : hostunlink.obj (.text:HOSTunlink)
                  0001887a    00000042                            : memory.obj (.text:minit)
                  000188bc    00000040                            : div32s.obj (.text)
                  000188fc    0000003e                            : asr32.obj (.text:l_asr_const)
                  0001893a    0000003e                            : lsl32.obj (.text:l_lsl_const)
                  00018978    0000003e                            : lsr32.obj (.text:l_lsr_const)
                  000189b6    0000003e                            : lseek.obj (.text:lseek)
                  000189f4    0000003e     main.obj (.text:main)
                  00018a32    0000003c     rts430x_lc_rd_eabi.lib : write.obj (.text:write)
                  00018a6e    0000003a                            : lsl64.obj (.text:__mspabi_sllll)
                  00018aa8    0000003a                            : lsr64.obj (.text:__mspabi_srlll)
                  00018ae2    0000003a     libprofiler.lib : main.obj (.text:profiler_stop)
                  00018b1c    00000036     rts430x_lc_rd_eabi.lib : fopen.obj (.text:__TI_cleanup)
                  00018b52    00000036                            : trgmsg.obj (.text:__TI_writemsg)
                  00018b88    00000036                            : fs_itof.obj (.text)
                  00018bbe    00000032                            : trgmsg.obj (.text:__TI_readmsg)
                  00018bf0    00000032                            : subd.obj (.text:__mspabi_subd)
                  00018c22    00000032     fann.obj (.text:fann_allocate_connections)
                  00018c54    00000032     rts430x_lc_rd_eabi.lib : fs_ultof.obj (.text)
                  00018c86    00000032                            : strncpy.obj (.text:strncpy)
                  00018cb8    00000030                            : unlink.obj (.text:unlink)
                  00018ce8    0000002e                            : negd.obj (.text:__mspabi_negd)
                  00018d16    0000002e                            : s_copysign.obj (.text:copysign)
                  00018d44    0000002e                            : getdevice.obj (.text:finddevice)
                  00018d72    0000002c     MSPMPU_INIT_LIB_CCS_msp430_large_code_restricted_data.lib : mpu_init.o (.text:__mpu_init)
                  00018d9e    0000002c     rts430x_lc_rd_eabi.lib : memory.obj (.text:calloc)
                  00018dca    0000002c     fann_train.obj (.text:fann_get_MSE)
                  00018df6    0000002c     rts430x_lc_rd_eabi.lib : div16s.obj (.text)
                  00018e22    00000028                            : fixdi.obj (.text:__mspabi_fixdi)
                  00018e4a    00000024                            : copy_zero_init.obj (.text:decompress:ZI:__TI_zero_init_nomemset:__TI_zero_init_nomemset)
                  00018e6e    00000024     interpow.lib : interpow.obj (.text:resume_program)
                  00018e92    00000024     rts430x_lc_rd_eabi.lib : fs_utof.obj (.text)
                  00018eb6    00000024                            : mult32_f5hw.obj (.text)
                  00018eda    00000024     libtester.obj (.text:set_smclk_to_1_MHz)
                  00018efe    00000024     libtester.obj (.text:tester_notify_start)
                  00018f22    0000001e     rts430x_lc_rd_eabi.lib : memccpy.obj (.text:memccpy)
                  00018f40    0000001c     libprofiler.lib : main.obj (.text:profiler_start)
                  00018f5c    0000001c     rts430x_lc_rd_eabi.lib : strchr.obj (.text:strchr)
                  00018f78    0000001c                            : strcmp.obj (.text:strcmp)
                  00018f94    00000018                            : mult16_f5hw.obj (.text)
                  00018fac    00000016                            : memchr.obj (.text:memchr)
                  00018fc2    00000016                            : memset.obj (.text:memset)
                  00018fd8    00000016                            : div16u.obj (.text)
                  00018fee    00000014                            : memcpy.obj (.text:memcpy)
                  00019002    00000012                            : copy_decompress_none.obj (.text:decompress:none:__TI_decompress_none)
                  00019014    00000012     fann_train.obj (.text:fann_reset_MSE)
                  00019026    00000012     rts430x_lc_rd_eabi.lib : strcpy.obj (.text:strcpy)
                  00019038    00000012                            : toupper.obj (.text:toupper)
                  0001904a    00000010                            : asr32.obj (.text:l_asr)
                  0001905a    00000010                            : lsl32.obj (.text:l_lsl)
                  0001906a    00000010                            : lsr32.obj (.text:l_lsr)
                  0001907a    0000000e                            : strlen.obj (.text:strlen)
                  00019088    0000000c                            : fltid.obj (.text:__mspabi_fltid)
                  00019094    0000000c     interpow.lib : interpow.obj (.text:start_task)
                  000190a0    0000000a     rts430x_lc_rd_eabi.lib : abs.obj (.text:abs)
                  000190aa    0000000a                            : fs_neg.obj (.text)
                  000190b4    0000000a                            : lsl16.obj (.text)
                  000190be    00000006                            : printf.obj (.text:_outc)
                  000190c4    00000006                            : exit.obj (.text:abort)
                  000190ca    00000006     fann_io.obj (.text:fann_create_from_header)
                  000190d0    00000004     rts430x_lc_rd_eabi.lib : printf.obj (.text:_outs)
                  000190d4    00000004                            : pre_init.obj (.text:_system_pre_init)
                  000190d8    00000002                            : _lock.obj (.text:_nop)
                  000190da    00000002                            : startup.obj (.text:_system_post_cinit)

MODULE SUMMARY

       Module                     code    ro data   rw data
       ------                     ----    -------   -------
    ./
       main.obj                   616     212       24666  
       libtester.obj              182     2         4      
    +--+--------------------------+-------+---------+---------+
       Total:                     798     214       24670  
                                                           
    ./fann/src/
       fann.obj                   5050    0         0      
       fann_io.obj                934     21        1408   
       fann_train.obj             310     0         0      
       fann_error.obj             0       0         4      
    +--+--------------------------+-------+---------+---------+
       Total:                     6294    21        1412   
                                                           
    ../interpow/libs/interpow.lib
       interpow.obj               48      0         0      
    +--+--------------------------+-------+---------+---------+
       Total:                     48      0         0      
                                                           
    ../utils/libs/libprofiler.lib
       main.obj                   104     2         6      
    +--+--------------------------+-------+---------+---------+
       Total:                     104     2         6      
                                                           
    /Applications/ti/ccsv7/ccs_base/msp430/lib/FR59xx/MSPMPU_INIT_LIB_CCS_msp430_large_code_restricted_data.lib
       mpu_init.o                 44      0         0      
    +--+--------------------------+-------+---------+---------+
       Total:                     44      0         0      
                                                           
    /Applications/ti/ccsv7/tools/compiler/ti-cgt-msp430_17.9.0.STS/lib/rts430x_lc_rd_eabi.lib
       _printfi.obj               6416    38        0      
       k_rem_pio2.obj             3510    336       0      
       s_sin.obj                  2264    0         0      
       s_cos.obj                  2258    0         0      
       e_exp.obj                  1320    48        0      
       frcdivd.obj                1126    0         0      
       div64u.obj                 846     0         0      
       memory.obj                 764     0         12     
       addd.obj                   736     0         0      
       k_sin.obj                  688     0         0      
       frcmpyd.obj                640     0         0      
       mpyd.obj                   614     0         0      
       k_cos.obj                  596     0         0      
       frcaddd.obj                584     0         0      
       divd.obj                   546     0         0      
       s_floor.obj                452     0         0      
       trgmsg.obj                 104     0         288    
       defs.obj                   0       0         362    
       s_scalbn.obj               346     0         0      
       fs_add.obj                 306     0         0      
       ctype.obj                  0       257       0      
       fputs.obj                  240     0         0      
       write.obj                  60      0         180    
       setvbuf.obj                222     0         0      
       cmpd.obj                   216     0         0      
       fs_mpy.obj                 184     0         0      
       renormd.obj                178     0         0      
       s_frexp.obj                166     0         0      
       fltlid.obj                 158     0         0      
       hostlseek.obj              154     0         0      
       fputc.obj                  144     0         0      
       fs_div.obj                 144     0         0      
       cvtdf.obj                  140     0         0      
       getdevice.obj              136     0         0      
       ltoa.obj                   128     0         0      
       _io_perm.obj               126     0         0      
       hostopen.obj               112     0         8      
       copy_decompress_lzss.obj   118     0         0      
       fclose.obj                 116     0         0      
       hostrename.obj             116     0         0      
       hostwrite.obj              108     0         0      
       fseek.obj                  106     0         0      
       hostread.obj               106     0         0      
       fs_toi.obj                 104     0         0      
       cvtfd.obj                  102     0         0      
       fixdli.obj                 102     0         0      
       fflush.obj                 100     0         0      
       atoi.obj                   98      0         0      
       close.obj                  90      0         0      
       div32u.obj                 88      0         0      
       autoinit.obj               84      0         0      
       printf.obj                 84      0         0      
       exit.obj                   80      0         2      
       asr32.obj                  78      0         0      
       hostclose.obj              78      0         0      
       lsl32.obj                  78      0         0      
       lsr32.obj                  78      0         0      
       fs_cmp.obj                 74      0         0      
       hostunlink.obj             70      0         0      
       div32s.obj                 64      0         0      
       lseek.obj                  62      0         0      
       lsl64.obj                  58      0         0      
       lsr64.obj                  58      0         0      
       fopen.obj                  54      0         0      
       fs_itof.obj                54      0         0      
       fs_ultof.obj               50      0         0      
       strncpy.obj                50      0         0      
       subd.obj                   50      0         0      
       unlink.obj                 48      0         0      
       negd.obj                   46      0         0      
       s_copysign.obj             46      0         0      
       div16s.obj                 44      0         0      
       fixdi.obj                  40      0         0      
       copy_zero_init.obj         36      0         0      
       fs_utof.obj                36      0         0      
       mult32_f5hw.obj            36      0         0      
       boot.obj                   32      2         0      
       memccpy.obj                30      0         0      
       strchr.obj                 28      0         0      
       strcmp.obj                 28      0         0      
       mult16_f5hw.obj            24      0         0      
       div16u.obj                 22      0         0      
       memchr.obj                 22      0         0      
       memset.obj                 22      0         0      
       memcpy.obj                 20      0         0      
       copy_decompress_none.obj   18      0         0      
       strcpy.obj                 18      0         0      
       toupper.obj                18      0         0      
       strlen.obj                 14      0         0      
       fltid.obj                  12      0         0      
       _lock.obj                  2       0         8      
       abs.obj                    10      0         0      
       fs_neg.obj                 10      0         0      
       lsl16.obj                  10      0         0      
       exit_gvars.obj             0       0         8      
       isr_trap.obj               8       0         0      
       pre_init.obj               4       0         0      
       errno.obj                  0       0         2      
       int18.obj                  0       2         0      
       int19.obj                  0       2         0      
       int20.obj                  0       2         0      
       int21.obj                  0       2         0      
       int22.obj                  0       2         0      
       int23.obj                  0       2         0      
       int24.obj                  0       2         0      
       int25.obj                  0       2         0      
       int26.obj                  0       2         0      
       int27.obj                  0       2         0      
       int28.obj                  0       2         0      
       int29.obj                  0       2         0      
       int30.obj                  0       2         0      
       int31.obj                  0       2         0      
       int32.obj                  0       2         0      
       int33.obj                  0       2         0      
       int34.obj                  0       2         0      
       int35.obj                  0       2         0      
       int36.obj                  0       2         0      
       int37.obj                  0       2         0      
       int38.obj                  0       2         0      
       int39.obj                  0       2         0      
       int40.obj                  0       2         0      
       int41.obj                  0       2         0      
       int42.obj                  0       2         0      
       int43.obj                  0       2         0      
       int46.obj                  0       2         0      
       int47.obj                  0       2         0      
       int48.obj                  0       2         0      
       int49.obj                  0       2         0      
       int50.obj                  0       2         0      
       int51.obj                  0       2         0      
       int52.obj                  0       2         0      
       int53.obj                  0       2         0      
       int54.obj                  0       2         0      
       startup.obj                2       0         0      
    +--+--------------------------+-------+---------+---------+
       Total:                     29868   751       870    
                                                           
       Heap:                      0       0         2500   
       Stack:                     0       0         160    
       Linker Generated:          0       1511      0      
    +--+--------------------------+-------+---------+---------+
       Grand Total:               37156   2499      29618  


LINKER GENERATED COPY TABLES

__TI_cinit_table @ 0000b5b2 records: 2, size/record: 8, table size: 16
	.data: load addr=0000afda, load size=000005c5 bytes, run addr=00001c00, run size=000008b0 bytes, compression=lzss
	.bss: load addr=0000b5ac, load size=00000006 bytes, run addr=000024b0, run size=000001a0 bytes, compression=zero_init


LINKER GENERATED HANDLER TABLE

__TI_handler_table @ 0000b5a0 records: 3, size/record: 4, table size: 12
	index: 0, handler: __TI_zero_init
	index: 1, handler: __TI_decompress_lzss
	index: 2, handler: __TI_decompress_none


GLOBAL SYMBOLS: SORTED ALPHABETICALLY BY Name 

address   name                                   
-------   ----                                   
00000800  ADC12CTL0                              
00000801  ADC12CTL0_H                            
00000800  ADC12CTL0_L                            
00000802  ADC12CTL1                              
00000803  ADC12CTL1_H                            
00000802  ADC12CTL1_L                            
00000804  ADC12CTL2                              
00000805  ADC12CTL2_H                            
00000804  ADC12CTL2_L                            
00000806  ADC12CTL3                              
00000807  ADC12CTL3_H                            
00000806  ADC12CTL3_L                            
0000080a  ADC12HI                                
0000080b  ADC12HI_H                              
0000080a  ADC12HI_L                              
00000812  ADC12IER0                              
00000813  ADC12IER0_H                            
00000812  ADC12IER0_L                            
00000814  ADC12IER1                              
00000815  ADC12IER1_H                            
00000814  ADC12IER1_L                            
00000816  ADC12IER2                              
00000817  ADC12IER2_H                            
00000816  ADC12IER2_L                            
0000080c  ADC12IFGR0                             
0000080d  ADC12IFGR0_H                           
0000080c  ADC12IFGR0_L                           
0000080e  ADC12IFGR1                             
0000080f  ADC12IFGR1_H                           
0000080e  ADC12IFGR1_L                           
00000810  ADC12IFGR2                             
00000811  ADC12IFGR2_H                           
00000810  ADC12IFGR2_L                           
00000818  ADC12IV                                
00000819  ADC12IV_H                              
00000818  ADC12IV_L                              
00000808  ADC12LO                                
00000809  ADC12LO_H                              
00000808  ADC12LO_L                              
00000820  ADC12MCTL0                             
00000821  ADC12MCTL0_H                           
00000820  ADC12MCTL0_L                           
00000822  ADC12MCTL1                             
00000834  ADC12MCTL10                            
00000835  ADC12MCTL10_H                          
00000834  ADC12MCTL10_L                          
00000836  ADC12MCTL11                            
00000837  ADC12MCTL11_H                          
00000836  ADC12MCTL11_L                          
00000838  ADC12MCTL12                            
00000839  ADC12MCTL12_H                          
00000838  ADC12MCTL12_L                          
0000083a  ADC12MCTL13                            
0000083b  ADC12MCTL13_H                          
0000083a  ADC12MCTL13_L                          
0000083c  ADC12MCTL14                            
0000083d  ADC12MCTL14_H                          
0000083c  ADC12MCTL14_L                          
0000083e  ADC12MCTL15                            
0000083f  ADC12MCTL15_H                          
0000083e  ADC12MCTL15_L                          
00000840  ADC12MCTL16                            
00000841  ADC12MCTL16_H                          
00000840  ADC12MCTL16_L                          
00000842  ADC12MCTL17                            
00000843  ADC12MCTL17_H                          
00000842  ADC12MCTL17_L                          
00000844  ADC12MCTL18                            
00000845  ADC12MCTL18_H                          
00000844  ADC12MCTL18_L                          
00000846  ADC12MCTL19                            
00000847  ADC12MCTL19_H                          
00000846  ADC12MCTL19_L                          
00000823  ADC12MCTL1_H                           
00000822  ADC12MCTL1_L                           
00000824  ADC12MCTL2                             
00000848  ADC12MCTL20                            
00000849  ADC12MCTL20_H                          
00000848  ADC12MCTL20_L                          
0000084a  ADC12MCTL21                            
0000084b  ADC12MCTL21_H                          
0000084a  ADC12MCTL21_L                          
0000084c  ADC12MCTL22                            
0000084d  ADC12MCTL22_H                          
0000084c  ADC12MCTL22_L                          
0000084e  ADC12MCTL23                            
0000084f  ADC12MCTL23_H                          
0000084e  ADC12MCTL23_L                          
00000850  ADC12MCTL24                            
00000851  ADC12MCTL24_H                          
00000850  ADC12MCTL24_L                          
00000852  ADC12MCTL25                            
00000853  ADC12MCTL25_H                          
00000852  ADC12MCTL25_L                          
00000854  ADC12MCTL26                            
00000855  ADC12MCTL26_H                          
00000854  ADC12MCTL26_L                          
00000856  ADC12MCTL27                            
00000857  ADC12MCTL27_H                          
00000856  ADC12MCTL27_L                          
00000858  ADC12MCTL28                            
00000859  ADC12MCTL28_H                          
00000858  ADC12MCTL28_L                          
0000085a  ADC12MCTL29                            
0000085b  ADC12MCTL29_H                          
0000085a  ADC12MCTL29_L                          
00000825  ADC12MCTL2_H                           
00000824  ADC12MCTL2_L                           
00000826  ADC12MCTL3                             
0000085c  ADC12MCTL30                            
0000085d  ADC12MCTL30_H                          
0000085c  ADC12MCTL30_L                          
0000085e  ADC12MCTL31                            
0000085f  ADC12MCTL31_H                          
0000085e  ADC12MCTL31_L                          
00000827  ADC12MCTL3_H                           
00000826  ADC12MCTL3_L                           
00000828  ADC12MCTL4                             
00000829  ADC12MCTL4_H                           
00000828  ADC12MCTL4_L                           
0000082a  ADC12MCTL5                             
0000082b  ADC12MCTL5_H                           
0000082a  ADC12MCTL5_L                           
0000082c  ADC12MCTL6                             
0000082d  ADC12MCTL6_H                           
0000082c  ADC12MCTL6_L                           
0000082e  ADC12MCTL7                             
0000082f  ADC12MCTL7_H                           
0000082e  ADC12MCTL7_L                           
00000830  ADC12MCTL8                             
00000831  ADC12MCTL8_H                           
00000830  ADC12MCTL8_L                           
00000832  ADC12MCTL9                             
00000833  ADC12MCTL9_H                           
00000832  ADC12MCTL9_L                           
00000860  ADC12MEM0                              
00000861  ADC12MEM0_H                            
00000860  ADC12MEM0_L                            
00000862  ADC12MEM1                              
00000874  ADC12MEM10                             
00000875  ADC12MEM10_H                           
00000874  ADC12MEM10_L                           
00000876  ADC12MEM11                             
00000877  ADC12MEM11_H                           
00000876  ADC12MEM11_L                           
00000878  ADC12MEM12                             
00000879  ADC12MEM12_H                           
00000878  ADC12MEM12_L                           
0000087a  ADC12MEM13                             
0000087b  ADC12MEM13_H                           
0000087a  ADC12MEM13_L                           
0000087c  ADC12MEM14                             
0000087d  ADC12MEM14_H                           
0000087c  ADC12MEM14_L                           
0000087e  ADC12MEM15                             
0000087f  ADC12MEM15_H                           
0000087e  ADC12MEM15_L                           
00000880  ADC12MEM16                             
00000881  ADC12MEM16_H                           
00000880  ADC12MEM16_L                           
00000882  ADC12MEM17                             
00000883  ADC12MEM17_H                           
00000882  ADC12MEM17_L                           
00000884  ADC12MEM18                             
00000885  ADC12MEM18_H                           
00000884  ADC12MEM18_L                           
00000886  ADC12MEM19                             
00000887  ADC12MEM19_H                           
00000886  ADC12MEM19_L                           
00000863  ADC12MEM1_H                            
00000862  ADC12MEM1_L                            
00000864  ADC12MEM2                              
00000888  ADC12MEM20                             
00000889  ADC12MEM20_H                           
00000888  ADC12MEM20_L                           
0000088a  ADC12MEM21                             
0000088b  ADC12MEM21_H                           
0000088a  ADC12MEM21_L                           
0000088c  ADC12MEM22                             
0000088d  ADC12MEM22_H                           
0000088c  ADC12MEM22_L                           
0000088e  ADC12MEM23                             
0000088f  ADC12MEM23_H                           
0000088e  ADC12MEM23_L                           
00000890  ADC12MEM24                             
00000891  ADC12MEM24_H                           
00000890  ADC12MEM24_L                           
00000892  ADC12MEM25                             
00000893  ADC12MEM25_H                           
00000892  ADC12MEM25_L                           
00000894  ADC12MEM26                             
00000895  ADC12MEM26_H                           
00000894  ADC12MEM26_L                           
00000896  ADC12MEM27                             
00000897  ADC12MEM27_H                           
00000896  ADC12MEM27_L                           
00000898  ADC12MEM28                             
00000899  ADC12MEM28_H                           
00000898  ADC12MEM28_L                           
0000089a  ADC12MEM29                             
0000089b  ADC12MEM29_H                           
0000089a  ADC12MEM29_L                           
00000865  ADC12MEM2_H                            
00000864  ADC12MEM2_L                            
00000866  ADC12MEM3                              
0000089c  ADC12MEM30                             
0000089d  ADC12MEM30_H                           
0000089c  ADC12MEM30_L                           
0000089e  ADC12MEM31                             
0000089f  ADC12MEM31_H                           
0000089e  ADC12MEM31_L                           
00000867  ADC12MEM3_H                            
00000866  ADC12MEM3_L                            
00000868  ADC12MEM4                              
00000869  ADC12MEM4_H                            
00000868  ADC12MEM4_L                            
0000086a  ADC12MEM5                              
0000086b  ADC12MEM5_H                            
0000086a  ADC12MEM5_L                            
0000086c  ADC12MEM6                              
0000086d  ADC12MEM6_H                            
0000086c  ADC12MEM6_L                            
0000086e  ADC12MEM7                              
0000086f  ADC12MEM7_H                            
0000086e  ADC12MEM7_L                            
00000870  ADC12MEM8                              
00000871  ADC12MEM8_H                            
00000870  ADC12MEM8_L                            
00000872  ADC12MEM9                              
00000873  ADC12MEM9_H                            
00000872  ADC12MEM9_L                            
000009c0  AESACTL0                               
000009c1  AESACTL0_H                             
000009c0  AESACTL0_L                             
000009c2  AESACTL1                               
000009c3  AESACTL1_H                             
000009c2  AESACTL1_L                             
000009c8  AESADIN                                
000009c9  AESADIN_H                              
000009c8  AESADIN_L                              
000009ca  AESADOUT                               
000009cb  AESADOUT_H                             
000009ca  AESADOUT_L                             
000009c6  AESAKEY                                
000009c7  AESAKEY_H                              
000009c6  AESAKEY_L                              
000009c4  AESASTAT                               
000009c5  AESASTAT_H                             
000009c4  AESASTAT_L                             
000009cc  AESAXDIN                               
000009cd  AESAXDIN_H                             
000009cc  AESAXDIN_L                             
000009ce  AESAXIN                                
000009cf  AESAXIN_H                              
000009ce  AESAXIN_L                              
000004be  BCD2BIN                                
000004bf  BCD2BIN_H                              
000004be  BCD2BIN_L                              
000004bc  BIN2BCD                                
000004bd  BIN2BCD_H                              
000004bc  BIN2BCD_L                              
000190c4  C$$EXIT                                
00018b84  C$$IO$$                                
0000043e  CAPTIO0CTL                             
0000043f  CAPTIO0CTL_H                           
0000043e  CAPTIO0CTL_L                           
0000047e  CAPTIO1CTL                             
0000047f  CAPTIO1CTL_H                           
0000047e  CAPTIO1CTL_L                           
000008c0  CECTL0                                 
000008c1  CECTL0_H                               
000008c0  CECTL0_L                               
000008c2  CECTL1                                 
000008c3  CECTL1_H                               
000008c2  CECTL1_L                               
000008c4  CECTL2                                 
000008c5  CECTL2_H                               
000008c4  CECTL2_L                               
000008c6  CECTL3                                 
000008c7  CECTL3_H                               
000008c6  CECTL3_L                               
000008cc  CEINT                                  
000008cd  CEINT_H                                
000008cc  CEINT_L                                
000008ce  CEIV                                   
000008cf  CEIV_H                                 
000008ce  CEIV_L                                 
00000996  CRC16DIRBW0                            
00000997  CRC16DIRBW0_H                          
00000996  CRC16DIRBW0_L                          
00000990  CRC16DIW0                              
00000991  CRC16DIW0_H                            
00000990  CRC16DIW0_L                            
00000998  CRC16INIRESW0                          
00000999  CRC16INIRESW0_H                        
00000998  CRC16INIRESW0_L                        
0000099e  CRC16RESRW0                            
0000099f  CRC16RESRW0_H                          
0000099e  CRC16RESRW0_L                          
00000986  CRC32DIRBW0                            
00000987  CRC32DIRBW0_H                          
00000986  CRC32DIRBW0_L                          
00000984  CRC32DIRBW1                            
00000985  CRC32DIRBW1_H                          
00000984  CRC32DIRBW1_L                          
00000980  CRC32DIW0                              
00000981  CRC32DIW0_H                            
00000980  CRC32DIW0_L                            
00000982  CRC32DIW1                              
00000983  CRC32DIW1_H                            
00000982  CRC32DIW1_L                            
00000988  CRC32INIRESW0                          
00000989  CRC32INIRESW0_H                        
00000988  CRC32INIRESW0_L                        
0000098a  CRC32INIRESW1                          
0000098b  CRC32INIRESW1_H                        
0000098a  CRC32INIRESW1_L                        
0000098e  CRC32RESRW0                            
0000098f  CRC32RESRW0_H                          
0000098e  CRC32RESRW0_L                          
0000098c  CRC32RESRW1                            
0000098d  CRC32RESRW1_H                          
0000098c  CRC32RESRW1_L                          
00000150  CRCDI                                  
00000152  CRCDIRB                                
00000153  CRCDIRB_H                              
00000152  CRCDIRB_L                              
00000151  CRCDI_H                                
00000150  CRCDI_L                                
00000154  CRCINIRES                              
00000155  CRCINIRES_H                            
00000154  CRCINIRES_L                            
00000156  CRCRESR                                
00000157  CRCRESR_H                              
00000156  CRCRESR_L                              
00000160  CSCTL0                                 
00000161  CSCTL0_H                               
00000160  CSCTL0_L                               
00000162  CSCTL1                                 
00000163  CSCTL1_H                               
00000162  CSCTL1_L                               
00000164  CSCTL2                                 
00000165  CSCTL2_H                               
00000164  CSCTL2_L                               
00000166  CSCTL3                                 
00000167  CSCTL3_H                               
00000166  CSCTL3_L                               
00000168  CSCTL4                                 
00000169  CSCTL4_H                               
00000168  CSCTL4_L                               
0000016a  CSCTL5                                 
0000016b  CSCTL5_H                               
0000016a  CSCTL5_L                               
0000016c  CSCTL6                                 
0000016d  CSCTL6_H                               
0000016c  CSCTL6_L                               
00000510  DMA0CTL                                
00000511  DMA0CTL_H                              
00000510  DMA0CTL_L                              
00000516  DMA0DA                                 
00000518  DMA0DAH                                
00000516  DMA0DAL                                
00000512  DMA0SA                                 
00000514  DMA0SAH                                
00000512  DMA0SAL                                
0000051a  DMA0SZ                                 
0000051b  DMA0SZ_H                               
0000051a  DMA0SZ_L                               
00000520  DMA1CTL                                
00000521  DMA1CTL_H                              
00000520  DMA1CTL_L                              
00000526  DMA1DA                                 
00000528  DMA1DAH                                
00000526  DMA1DAL                                
00000522  DMA1SA                                 
00000524  DMA1SAH                                
00000522  DMA1SAL                                
0000052a  DMA1SZ                                 
0000052b  DMA1SZ_H                               
0000052a  DMA1SZ_L                               
00000530  DMA2CTL                                
00000531  DMA2CTL_H                              
00000530  DMA2CTL_L                              
00000536  DMA2DA                                 
00000538  DMA2DAH                                
00000536  DMA2DAL                                
00000532  DMA2SA                                 
00000534  DMA2SAH                                
00000532  DMA2SAL                                
0000053a  DMA2SZ                                 
0000053b  DMA2SZ_H                               
0000053a  DMA2SZ_L                               
00000540  DMA3CTL                                
00000541  DMA3CTL_H                              
00000540  DMA3CTL_L                              
00000546  DMA3DA                                 
00000548  DMA3DAH                                
00000546  DMA3DAL                                
00000542  DMA3SA                                 
00000544  DMA3SAH                                
00000542  DMA3SAL                                
0000054a  DMA3SZ                                 
0000054b  DMA3SZ_H                               
0000054a  DMA3SZ_L                               
00000550  DMA4CTL                                
00000551  DMA4CTL_H                              
00000550  DMA4CTL_L                              
00000556  DMA4DA                                 
00000558  DMA4DAH                                
00000556  DMA4DAL                                
00000552  DMA4SA                                 
00000554  DMA4SAH                                
00000552  DMA4SAL                                
0000055a  DMA4SZ                                 
0000055b  DMA4SZ_H                               
0000055a  DMA4SZ_L                               
00000560  DMA5CTL                                
00000561  DMA5CTL_H                              
00000560  DMA5CTL_L                              
00000566  DMA5DA                                 
00000568  DMA5DAH                                
00000566  DMA5DAL                                
00000562  DMA5SA                                 
00000564  DMA5SAH                                
00000562  DMA5SAL                                
0000056a  DMA5SZ                                 
0000056b  DMA5SZ_H                               
0000056a  DMA5SZ_L                               
00000500  DMACTL0                                
00000501  DMACTL0_H                              
00000500  DMACTL0_L                              
00000502  DMACTL1                                
00000503  DMACTL1_H                              
00000502  DMACTL1_L                              
00000504  DMACTL2                                
00000505  DMACTL2_H                              
00000504  DMACTL2_L                              
00000508  DMACTL4                                
00000509  DMACTL4_H                              
00000508  DMACTL4_L                              
0000050e  DMAIV                                  
0000050f  DMAIV_H                                
0000050e  DMAIV_L                                
00000140  FRCTL0                                 
00000141  FRCTL0_H                               
00000140  FRCTL0_L                               
00000144  GCCTL0                                 
00000145  GCCTL0_H                               
00000144  GCCTL0_L                               
00000146  GCCTL1                                 
00000147  GCCTL1_H                               
00000146  GCCTL1_L                               
000186ba  HOSTclose                              
000178b4  HOSTlseek                              
000180f4  HOSTopen                               
000181d0  HOSTread                               
0001800c  HOSTrename                             
00018834  HOSTunlink                             
00018164  HOSTwrite                              
00000a80  LEACAP                                 
00000a82  LEACAPH                                
00000a80  LEACAPL                                
00000a98  LEACMA                                 
00000a9a  LEACMAH                                
00000a98  LEACMAL                                
00000a9c  LEACMCTL                               
00000a9e  LEACMCTLH                              
00000a9c  LEACMCTLL                              
00000aa8  LEACMDSTAT                             
00000aaa  LEACMDSTATH                            
00000aa8  LEACMDSTATL                            
00000a84  LEACNF0                                
00000a86  LEACNF0H                               
00000a84  LEACNF0L                               
00000a88  LEACNF1                                
00000a8a  LEACNF1H                               
00000a88  LEACNF1L                               
00000a8c  LEACNF2                                
00000a8e  LEACNF2H                               
00000a8c  LEACNF2L                               
00000ab4  LEADSTSTAT                             
00000ab6  LEADSTSTATH                            
00000ab4  LEADSTSTATL                            
00000af4  LEAIE                                  
00000af6  LEAIEH                                 
00000af4  LEAIEL                                 
00000af8  LEAIFG                                 
00000afa  LEAIFGH                                
00000af8  LEAIFGL                                
00000af0  LEAIFGSET                              
00000af2  LEAIFGSETH                             
00000af0  LEAIFGSETL                             
00000afc  LEAIV                                  
00000afe  LEAIVH                                 
00000afc  LEAIVL                                 
00000a90  LEAMB                                  
00000a92  LEAMBH                                 
00000a90  LEAMBL                                 
00000a94  LEAMT                                  
00000a96  LEAMTH                                 
00000a94  LEAMTL                                 
00000ad0  LEAPMCB                                
00000ad2  LEAPMCBH                               
00000ad0  LEAPMCBL                               
00000ac0  LEAPMCTL                               
00000ac2  LEAPMCTLH                              
00000ac0  LEAPMCTLL                              
00000ac4  LEAPMDST                               
00000ac6  LEAPMDSTH                              
00000ac4  LEAPMDSTL                              
00000acc  LEAPMS0                                
00000ace  LEAPMS0H                               
00000acc  LEAPMS0L                               
00000ac8  LEAPMS1                                
00000aca  LEAPMS1H                               
00000ac8  LEAPMS1L                               
00000ab0  LEAS0STAT                              
00000ab2  LEAS0STATH                             
00000ab0  LEAS0STATL                             
00000aac  LEAS1STAT                              
00000aae  LEAS1STATH                             
00000aac  LEAS1STATL                             
000004c4  MAC                                    
000004da  MAC32H                                 
000004db  MAC32H_H                               
000004da  MAC32H_L                               
000004d8  MAC32L                                 
000004d9  MAC32L_H                               
000004d8  MAC32L_L                               
000004c6  MACS                                   
000004de  MACS32H                                
000004df  MACS32H_H                              
000004de  MACS32H_L                              
000004dc  MACS32L                                
000004dd  MACS32L_H                              
000004dc  MACS32L_L                              
000004c7  MACS_H                                 
000004c6  MACS_L                                 
000004c5  MAC_H                                  
000004c4  MAC_L                                  
000005a0  MPUCTL0                                
000005a1  MPUCTL0_H                              
000005a0  MPUCTL0_L                              
000005a2  MPUCTL1                                
000005a3  MPUCTL1_H                              
000005a2  MPUCTL1_L                              
000005aa  MPUIPC0                                
000005ab  MPUIPC0_H                              
000005aa  MPUIPC0_L                              
000005ae  MPUIPSEGB1                             
000005af  MPUIPSEGB1_H                           
000005ae  MPUIPSEGB1_L                           
000005ac  MPUIPSEGB2                             
000005ad  MPUIPSEGB2_H                           
000005ac  MPUIPSEGB2_L                           
000005a8  MPUSAM                                 
000005a9  MPUSAM_H                               
000005a8  MPUSAM_L                               
000005a6  MPUSEGB1                               
000005a7  MPUSEGB1_H                             
000005a6  MPUSEGB1_L                             
000005a4  MPUSEGB2                               
000005a5  MPUSEGB2_H                             
000005a4  MPUSEGB2_L                             
000004c0  MPY                                    
000004ec  MPY32CTL0                              
000004ed  MPY32CTL0_H                            
000004ec  MPY32CTL0_L                            
000004d2  MPY32H                                 
000004d3  MPY32H_H                               
000004d2  MPY32H_L                               
000004d0  MPY32L                                 
000004d1  MPY32L_H                               
000004d0  MPY32L_L                               
000004c2  MPYS                                   
000004d6  MPYS32H                                
000004d7  MPYS32H_H                              
000004d6  MPYS32H_L                              
000004d4  MPYS32L                                
000004d5  MPYS32L_H                              
000004d4  MPYS32L_L                              
000004c3  MPYS_H                                 
000004c2  MPYS_L                                 
000004c1  MPY_H                                  
000004c0  MPY_L                                  
000004c8  OP2                                    
000004e2  OP2H                                   
000004e3  OP2H_H                                 
000004e2  OP2H_L                                 
000004e0  OP2L                                   
000004e1  OP2L_H                                 
000004e0  OP2L_L                                 
000004c9  OP2_H                                  
000004c8  OP2_L                                  
00000204  P1DIR                                  
0000021a  P1IE                                   
00000218  P1IES                                  
0000021c  P1IFG                                  
00000200  P1IN                                   
0000020e  P1IV                                   
0000020f  P1IV_H                                 
0000020e  P1IV_L                                 
00000202  P1OUT                                  
00000206  P1REN                                  
0000020a  P1SEL0                                 
0000020c  P1SEL1                                 
00000216  P1SELC                                 
00000205  P2DIR                                  
0000021b  P2IE                                   
00000219  P2IES                                  
0000021d  P2IFG                                  
00000201  P2IN                                   
0000021e  P2IV                                   
0000021f  P2IV_H                                 
0000021e  P2IV_L                                 
00000203  P2OUT                                  
00000207  P2REN                                  
0000020b  P2SEL0                                 
0000020d  P2SEL1                                 
00000217  P2SELC                                 
00000224  P3DIR                                  
0000023a  P3IE                                   
00000238  P3IES                                  
0000023c  P3IFG                                  
00000220  P3IN                                   
0000022e  P3IV                                   
0000022f  P3IV_H                                 
0000022e  P3IV_L                                 
00000222  P3OUT                                  
00000226  P3REN                                  
0000022a  P3SEL0                                 
0000022c  P3SEL1                                 
00000236  P3SELC                                 
00000225  P4DIR                                  
0000023b  P4IE                                   
00000239  P4IES                                  
0000023d  P4IFG                                  
00000221  P4IN                                   
0000023e  P4IV                                   
0000023f  P4IV_H                                 
0000023e  P4IV_L                                 
00000223  P4OUT                                  
00000227  P4REN                                  
0000022b  P4SEL0                                 
0000022d  P4SEL1                                 
00000237  P4SELC                                 
00000244  P5DIR                                  
0000025a  P5IE                                   
00000258  P5IES                                  
0000025c  P5IFG                                  
00000240  P5IN                                   
0000024e  P5IV                                   
0000024f  P5IV_H                                 
0000024e  P5IV_L                                 
00000242  P5OUT                                  
00000246  P5REN                                  
0000024a  P5SEL0                                 
0000024c  P5SEL1                                 
00000256  P5SELC                                 
00000245  P6DIR                                  
0000025b  P6IE                                   
00000259  P6IES                                  
0000025d  P6IFG                                  
00000241  P6IN                                   
0000025e  P6IV                                   
0000025f  P6IV_H                                 
0000025e  P6IV_L                                 
00000243  P6OUT                                  
00000247  P6REN                                  
0000024b  P6SEL0                                 
0000024d  P6SEL1                                 
00000257  P6SELC                                 
00000264  P7DIR                                  
0000027a  P7IE                                   
00000278  P7IES                                  
0000027c  P7IFG                                  
00000260  P7IN                                   
0000026e  P7IV                                   
0000026f  P7IV_H                                 
0000026e  P7IV_L                                 
00000262  P7OUT                                  
00000266  P7REN                                  
0000026a  P7SEL0                                 
0000026c  P7SEL1                                 
00000276  P7SELC                                 
00000265  P8DIR                                  
0000027b  P8IE                                   
00000279  P8IES                                  
0000027d  P8IFG                                  
00000261  P8IN                                   
0000027e  P8IV                                   
0000027f  P8IV_H                                 
0000027e  P8IV_L                                 
00000263  P8OUT                                  
00000267  P8REN                                  
0000026b  P8SEL0                                 
0000026d  P8SEL1                                 
00000277  P8SELC                                 
00000204  PADIR                                  
00000205  PADIR_H                                
00000204  PADIR_L                                
0000021a  PAIE                                   
00000218  PAIES                                  
00000219  PAIES_H                                
00000218  PAIES_L                                
0000021b  PAIE_H                                 
0000021a  PAIE_L                                 
0000021c  PAIFG                                  
0000021d  PAIFG_H                                
0000021c  PAIFG_L                                
00000200  PAIN                                   
00000201  PAIN_H                                 
00000200  PAIN_L                                 
00000202  PAOUT                                  
00000203  PAOUT_H                                
00000202  PAOUT_L                                
00000206  PAREN                                  
00000207  PAREN_H                                
00000206  PAREN_L                                
0000020a  PASEL0                                 
0000020b  PASEL0_H                               
0000020a  PASEL0_L                               
0000020c  PASEL1                                 
0000020d  PASEL1_H                               
0000020c  PASEL1_L                               
00000216  PASELC                                 
00000217  PASELC_H                               
00000216  PASELC_L                               
00000224  PBDIR                                  
00000225  PBDIR_H                                
00000224  PBDIR_L                                
0000023a  PBIE                                   
00000238  PBIES                                  
00000239  PBIES_H                                
00000238  PBIES_L                                
0000023b  PBIE_H                                 
0000023a  PBIE_L                                 
0000023c  PBIFG                                  
0000023d  PBIFG_H                                
0000023c  PBIFG_L                                
00000220  PBIN                                   
00000221  PBIN_H                                 
00000220  PBIN_L                                 
00000222  PBOUT                                  
00000223  PBOUT_H                                
00000222  PBOUT_L                                
00000226  PBREN                                  
00000227  PBREN_H                                
00000226  PBREN_L                                
0000022a  PBSEL0                                 
0000022b  PBSEL0_H                               
0000022a  PBSEL0_L                               
0000022c  PBSEL1                                 
0000022d  PBSEL1_H                               
0000022c  PBSEL1_L                               
00000236  PBSELC                                 
00000237  PBSELC_H                               
00000236  PBSELC_L                               
00000244  PCDIR                                  
00000245  PCDIR_H                                
00000244  PCDIR_L                                
0000025a  PCIE                                   
00000258  PCIES                                  
00000259  PCIES_H                                
00000258  PCIES_L                                
0000025b  PCIE_H                                 
[...]
00000984  CRC32DIRBW1_L                          
00000985  CRC32DIRBW1_H                          
00000986  CRC32DIRBW0                            
00000986  CRC32DIRBW0_L                          
00000987  CRC32DIRBW0_H                          
00000988  CRC32INIRESW0                          
00000988  CRC32INIRESW0_L                        
00000989  CRC32INIRESW0_H                        
0000098a  CRC32INIRESW1                          
0000098a  CRC32INIRESW1_L                        
0000098b  CRC32INIRESW1_H                        
0000098c  CRC32RESRW1                            
0000098c  CRC32RESRW1_L                          
0000098d  CRC32RESRW1_H                          
0000098e  CRC32RESRW0                            
0000098e  CRC32RESRW0_L                          
0000098f  CRC32RESRW0_H                          
00000990  CRC16DIW0                              
00000990  CRC16DIW0_L                            
00000991  CRC16DIW0_H                            
00000996  CRC16DIRBW0                            
00000996  CRC16DIRBW0_L                          
00000997  CRC16DIRBW0_H                          
00000998  CRC16INIRESW0                          
00000998  CRC16INIRESW0_L                        
00000999  CRC16INIRESW0_H                        
0000099e  CRC16RESRW0                            
0000099e  CRC16RESRW0_L                          
0000099f  CRC16RESRW0_H                          
000009c0  AESACTL0                               
000009c0  AESACTL0_L                             
000009c1  AESACTL0_H                             
000009c2  AESACTL1                               
000009c2  AESACTL1_L                             
000009c3  AESACTL1_H                             
000009c4  AESASTAT                               
000009c4  AESASTAT_L                             
000009c4  __SYSMEM_SIZE                          
000009c5  AESASTAT_H                             
000009c6  AESAKEY                                
000009c6  AESAKEY_L                              
000009c7  AESAKEY_H                              
000009c8  AESADIN                                
000009c8  AESADIN_L                              
000009c9  AESADIN_H                              
000009ca  AESADOUT                               
000009ca  AESADOUT_L                             
000009cb  AESADOUT_H                             
000009cc  AESAXDIN                               
000009cc  AESAXDIN_L                             
000009cd  AESAXDIN_H                             
000009ce  AESAXIN                                
000009ce  AESAXIN_L                              
000009cf  AESAXIN_H                              
00000a80  LEACAP                                 
00000a80  LEACAPL                                
00000a82  LEACAPH                                
00000a84  LEACNF0                                
00000a84  LEACNF0L                               
00000a86  LEACNF0H                               
00000a88  LEACNF1                                
00000a88  LEACNF1L                               
00000a8a  LEACNF1H                               
00000a8c  LEACNF2                                
00000a8c  LEACNF2L                               
00000a8e  LEACNF2H                               
00000a90  LEAMB                                  
00000a90  LEAMBL                                 
00000a92  LEAMBH                                 
00000a94  LEAMT                                  
00000a94  LEAMTL                                 
00000a96  LEAMTH                                 
00000a98  LEACMA                                 
00000a98  LEACMAL                                
00000a9a  LEACMAH                                
00000a9c  LEACMCTL                               
00000a9c  LEACMCTLL                              
00000a9e  LEACMCTLH                              
00000aa8  LEACMDSTAT                             
00000aa8  LEACMDSTATL                            
00000aaa  LEACMDSTATH                            
00000aac  LEAS1STAT                              
00000aac  LEAS1STATL                             
00000aae  LEAS1STATH                             
00000ab0  LEAS0STAT                              
00000ab0  LEAS0STATL                             
00000ab2  LEAS0STATH                             
00000ab4  LEADSTSTAT                             
00000ab4  LEADSTSTATL                            
00000ab6  LEADSTSTATH                            
00000ac0  LEAPMCTL                               
00000ac0  LEAPMCTLL                              
00000ac0  mpu_segment_border1                    
00000ac0  mpu_segment_border2                    
00000ac2  LEAPMCTLH                              
00000ac4  LEAPMDST                               
00000ac4  LEAPMDSTL                              
00000ac6  LEAPMDSTH                              
00000ac8  LEAPMS1                                
00000ac8  LEAPMS1L                               
00000aca  LEAPMS1H                               
00000acc  LEAPMS0                                
00000acc  LEAPMS0L                               
00000ace  LEAPMS0H                               
00000ad0  LEAPMCB                                
00000ad0  LEAPMCBL                               
00000ad2  LEAPMCBH                               
00000af0  LEAIFGSET                              
00000af0  LEAIFGSETL                             
00000af2  LEAIFGSETH                             
00000af4  LEAIE                                  
00000af4  LEAIEL                                 
00000af6  LEAIEH                                 
00000af8  LEAIFG                                 
00000af8  LEAIFGL                                
00000afa  LEAIFGH                                
00000afc  LEAIV                                  
00000afc  LEAIVL                                 
00000afe  LEAIVH                                 
00001513  mpu_sam_value                          
00001c00  connections                            
00002000  noise_3                                
00002190  neurons                                
00002310  _ftable                                
000023d8  _device                                
00002450  _stream                                
0000248c  __TI_cleanup_ptr                       
00002490  __TI_dtors_ptr                         
00002498  _lock                                  
0000249c  _unlock                                
000024a0  fann_default_error_log                 
000024a4  num_data                               
000024a5  num_input                              
000024a6  num_output                             
000024a8  __TI_ft_end                            
000024aa  errno                                  
000024ac  __TI_enable_exit_profile_output        
000024b0  ann                                    
00002594  __TI_tmpnams                           
0000263e  parmbuf                                
00002646  calc_out                               
0000264a  cycle_count                            
0000264e  sr                                     
00002b60  _stack                                 
00002c00  __STACK_END                            
00004000  fram_rw_start                          
00004000  input                                  
00009208  output                                 
00009dc0  TASK_END_PROGRAM                       
00009dc8  TASK_INIT_FANN                         
00009dd0  TASK_ITERATE                           
00009dd8  noise_idx                              
00009dda  next_test_idx                          
00009ddc  iteration                              
00009dde  ended                                  
00009de0  _CIOBUF_                               
00009f00  _sys_memory                            
0000a501  mpu_ctl0_value                         
0000ac00  _c_int00_noargs_mpu                    
0000ac00  fram_ipe_end                           
0000ac00  fram_ipe_start                         
0000ac00  fram_rx_start                          
0000ac20  TIMER0_A1_ISR                          
0000ac32  Timer0_A0_ISR                          
0000ac40  __TI_ISR_TRAP                          
0000ad50  _ctypes_                               
0000b5a0  __TI_Handler_Table_Base                
0000b5ac  __TI_Handler_Table_Limit               
0000b5b2  __TI_CINIT_Base                        
0000b5c2  __TI_CINIT_Limit                       
0000ffb4  __TI_int18                             
0000ffb6  __TI_int19                             
0000ffb8  __TI_int20                             
0000ffba  __TI_int21                             
0000ffbc  __TI_int22                             
0000ffbe  __TI_int23                             
0000ffc0  __TI_int24                             
0000ffc2  __TI_int25                             
0000ffc4  __TI_int26                             
0000ffc6  __TI_int27                             
0000ffc8  __TI_int28                             
0000ffca  __TI_int29                             
0000ffcc  __TI_int30                             
0000ffce  __TI_int31                             
0000ffd0  __TI_int32                             
0000ffd2  __TI_int33                             
0000ffd4  __TI_int34                             
0000ffd6  __TI_int35                             
0000ffd8  __TI_int36                             
0000ffda  __TI_int37                             
0000ffdc  __TI_int38                             
0000ffde  __TI_int39                             
0000ffe0  __TI_int40                             
0000ffe2  __TI_int41                             
0000ffe4  __TI_int42                             
0000ffe6  __TI_int43                             
0000ffe8  __TI_int44                             
0000ffea  __TI_int45                             
0000ffec  __TI_int46                             
0000ffee  __TI_int47                             
0000fff0  __TI_int48                             
0000fff2  __TI_int49                             
0000fff4  __TI_int50                             
0000fff6  __TI_int51                             
0000fff8  __TI_int52                             
0000fffa  __TI_int53                             
0000fffc  __TI_int54                             
0000fffe  _reset_vector                          
00010000  fann_run                               
00010e18  __kernel_rem_pio2                      
00011bce  sin                                    
00011bce  sinl                                   
000124a6  cos                                    
000124a6  cosl                                   
00012d78  exp                                    
00012d78  expl                                   
000132a0  __TI_frcdivd                           
00013706  fann_create_msp430                     
00013aa6  __mspabi_divull                        
00013df4  fann_allocate_structure                
000140e6  __mspabi_addd                          
000143c6  __kernel_sin                           
00014676  __TI_frcmpyd                           
000148f6  __TI_printfi                           
00014b66  __mspabi_mpyd                          
0001528a  __kernel_cos                           
000154de  __TI_frcaddd                           
0001594a  __mspabi_divd                          
00015d78  fann_destroy                           
0001632a  floor                                  
0001632a  floorl                                 
00016800  ldexp                                  
00016800  ldexpl                                 
00016800  scalbn                                 
00016800  scalbnl                                
00016aa2  realloc                                
00016be6  __mspabi_subf                          
00016bec  __mspabi_addf                          
00016d18  task_iterate                           
00017162  fputs                                  
00017252  setvbuf                                
00017330  __mspabi_cmpd                          
00017408  malloc                                 
000174c4  __mspabi_mpyf                          
0001757c  __TI_renormd                           
000176d4  frexp                                  
000176d4  frexpl                                 
0001777a  __mspabi_fltlid                        
00017818  fann_update_MSE                        
000178b4  HOSTlseek                              
00017a6e  fputc                                  
00017a6e  putc                                   
00017afe  __mspabi_divf                          
00017b8e  free                                   
00017c1c  __mspabi_cvtdf                         
00017ca8  ltoa                                   
00017d28  task_end_program                       
00017da8  __TI_wrt_ok                            
00017e26  task_init_fann                         
00017ea4  fann_allocate_neurons                  
00017f96  __TI_decompress_lzss                   
0001800c  HOSTrename                             
00018080  __TI_closefile                         
000180f4  HOSTopen                               
00018164  HOSTwrite                              
000181d0  HOSTread                               
0001823a  fseek                                  
000182a4  __mspabi_fixfi                         
0001830c  __mspabi_cvtfd                         
00018372  __mspabi_fixdli                        
000183d8  __TI_doflush                           
0001843c  atoi                                   
0001849e  tester_autoreset                       
000184fe  fann_test                              
0001855a  close                                  
000185b4  getdevice                              
0001860e  __mspabi_divul                         
0001860e  __mspabi_remul                         
00018666  __TI_auto_init_nobinit_nopinit_hold_wdt
000186ba  HOSTclose                              
00018756  exit                                   
000187a0  printf                                 
000187ea  __mspabi_cmpf                          
00018834  HOSTunlink                             
0001887a  minit                                  
000188bc  __mspabi_divli                         
000188bc  __mspabi_remli                         
000188fc  __mspabi_sral_15                       
00018900  __mspabi_sral_14                       
00018904  __mspabi_sral_13                       
00018908  __mspabi_sral_12                       
0001890c  __mspabi_sral_11                       
00018910  __mspabi_sral_10                       
00018914  __mspabi_sral_9                        
00018918  __mspabi_sral_8                        
0001891c  __mspabi_sral_7                        
00018920  __mspabi_sral_6                        
00018924  __mspabi_sral_5                        
00018928  __mspabi_sral_4                        
0001892c  __mspabi_sral_3                        
00018930  __mspabi_sral_2                        
00018934  __mspabi_sral_1                        
0001893a  __mspabi_slll_15                       
0001893e  __mspabi_slll_14                       
00018942  __mspabi_slll_13                       
00018946  __mspabi_slll_12                       
0001894a  __mspabi_slll_11                       
0001894e  __mspabi_slll_10                       
00018952  __mspabi_slll_9                        
00018956  __mspabi_slll_8                        
0001895a  __mspabi_slll_7                        
0001895e  __mspabi_slll_6                        
00018962  __mspabi_slll_5                        
00018966  __mspabi_slll_4                        
0001896a  __mspabi_slll_3                        
0001896e  __mspabi_slll_2                        
00018972  __mspabi_slll_1                        
00018978  __mspabi_srll_15                       
0001897c  __mspabi_srll_14                       
00018980  __mspabi_srll_13                       
00018984  __mspabi_srll_12                       
00018988  __mspabi_srll_11                       
0001898c  __mspabi_srll_10                       
00018990  __mspabi_srll_9                        
00018994  __mspabi_srll_8                        
00018998  __mspabi_srll_7                        
0001899c  __mspabi_srll_6                        
000189a0  __mspabi_srll_5                        
000189a4  __mspabi_srll_4                        
000189a8  __mspabi_srll_3                        
000189ac  __mspabi_srll_2                        
000189b0  __mspabi_srll_1                        
000189b6  lseek                                  
000189f4  main                                   
00018a32  write                                  
00018a6e  __mspabi_sllll                         
00018aa8  __mspabi_srlll                         
00018ae2  profiler_stop                          
00018b1c  __TI_cleanup                           
00018b52  __TI_writemsg                          
00018b84  C$$IO$$                                
00018b88  __mspabi_fltif                         
00018bbe  __TI_readmsg                           
00018bf0  __mspabi_subd                          
00018c22  fann_allocate_connections              
00018c54  __mspabi_fltulf                        
00018c86  strncpy                                
00018cb8  remove                                 
00018cb8  unlink                                 
00018ce8  __mspabi_negd                          
00018d16  copysign                               
00018d16  copysignl                              
00018d44  finddevice                             
00018d72  __mpu_init                             
00018d9e  calloc                                 
00018dca  fann_get_MSE                           
00018df6  __mspabi_divi                          
00018df6  __mspabi_remi                          
00018e22  __mspabi_fixdi                         
00018e4a  __TI_zero_init_nomemset                
00018e6e  resume_program                         
00018e92  __mspabi_fltuf                         
00018eb6  __mspabi_mpyl_f5hw                     
00018eda  set_smclk_to_1_MHz                     
00018efe  tester_notify_end                      
00018efe  tester_notify_start                    
00018f22  memccpy                                
00018f40  profiler_start                         
00018f5c  strchr                                 
00018f78  strcmp                                 
00018f94  __mspabi_mpyi_f5hw                     
00018fac  memchr                                 
00018fc2  memset                                 
00018fd8  __mspabi_divu                          
00018fd8  __mspabi_remu                          
00018fee  memcpy                                 
00019002  __TI_decompress_none                   
00019014  fann_reset_MSE                         
00019026  strcpy                                 
00019038  toupper                                
0001904a  __mspabi_sral                          
0001905a  __mspabi_slll                          
0001906a  __mspabi_srll                          
0001907a  strlen                                 
00019088  __mspabi_fltid                         
00019094  start_task                             
000190a0  abs                                    
000190aa  __mspabi_negf                          
000190b4  __mspabi_slli                          
000190c4  C$$EXIT                                
000190c4  abort                                  
000190ca  fann_create_from_header                
000190d4  _system_pre_init                       
000190d8  _nop                                   
000190da  _system_post_cinit                     
ffffffff  __TI_pprof_out_hndl                    
ffffffff  __TI_prof_data_size                    
ffffffff  __TI_prof_data_start                   
ffffffff  __c_args__                             

[1784 symbols]
